sources: WARNING: bench-artifacts/block-attach/20260913-publication/counter-pin-red.log is tracked AND gitignored — ignore rules never hide a tracked file from a gate; either `git rm --cached` it or drop the ignore rule
sources: WARNING: bench-artifacts/block-attach/20260913-publication/diagnosis.json is tracked AND gitignored — ignore rules never hide a tracked file from a gate; either `git rm --cached` it or drop the ignore rule
sources: WARNING: bench-artifacts/block-attach/20260913-publication/final-pins.log is tracked AND gitignored — ignore rules never hide a tracked file from a gate; either `git rm --cached` it or drop the ignore rule
sources: WARNING: bench-artifacts/block-attach/20260913-publication/interrupted-teardown.log is tracked AND gitignored — ignore rules never hide a tracked file from a gate; either `git rm --cached` it or drop the ignore rule
sources: WARNING: bench-artifacts/block-attach/20260913-publication/local-s3fs.log is tracked AND gitignored — ignore rules never hide a tracked file from a gate; either `git rm --cached` it or drop the ignore rule
sources: WARNING: bench-artifacts/block-attach/20260913-publication/local-s3fs.sh is tracked AND gitignored — ignore rules never hide a tracked file from a gate; either `git rm --cached` it or drop the ignore rule
sources: WARNING: bench-artifacts/block-attach/20260913-publication/p20260913101729/observations.json is tracked AND gitignored — ignore rules never hide a tracked file from a gate; either `git rm --cached` it or drop the ignore rule
sources: WARNING: bench-artifacts/block-attach/20260913-publication/p20260913101729/wrangler.json is tracked AND gitignored — ignore rules never hide a tracked file from a gate; either `git rm --cached` it or drop the ignore rule
sources: WARNING: bench-artifacts/block-attach/20260913-publication/p20260913101758/driver.log is tracked AND gitignored — ignore rules never hide a tracked file from a gate; either `git rm --cached` it or drop the ignore rule
sources: WARNING: bench-artifacts/block-attach/20260913-publication/p20260913101758/observations.json is tracked AND gitignored — ignore rules never hide a tracked file from a gate; either `git rm --cached` it or drop the ignore rule
sources: WARNING: bench-artifacts/block-attach/20260913-publication/p20260913101758/wrangler.json is tracked AND gitignored — ignore rules never hide a tracked file from a gate; either `git rm --cached` it or drop the ignore rule
sources: WARNING: bench-artifacts/block-attach/20260913-publication/p20260913102157/driver.log is tracked AND gitignored — ignore rules never hide a tracked file from a gate; either `git rm --cached` it or drop the ignore rule
sources: WARNING: bench-artifacts/block-attach/20260913-publication/p20260913102157/observations.json is tracked AND gitignored — ignore rules never hide a tracked file from a gate; either `git rm --cached` it or drop the ignore rule
sources: WARNING: bench-artifacts/block-attach/20260913-publication/p20260913102157/wrangler.json is tracked AND gitignored — ignore rules never hide a tracked file from a gate; either `git rm --cached` it or drop the ignore rule
sources: WARNING: bench-artifacts/block-attach/20260913-publication/p20260913102749/driver.log is tracked AND gitignored — ignore rules never hide a tracked file from a gate; either `git rm --cached` it or drop the ignore rule
sources: WARNING: bench-artifacts/block-attach/20260913-publication/p20260913102749/observations.json is tracked AND gitignored — ignore rules never hide a tracked file from a gate; either `git rm --cached` it or drop the ignore rule
sources: WARNING: bench-artifacts/block-attach/20260913-publication/p20260913102749/wrangler.json is tracked AND gitignored — ignore rules never hide a tracked file from a gate; either `git rm --cached` it or drop the ignore rule
sources: WARNING: bench-artifacts/block-attach/20260913-publication/pin-green.log is tracked AND gitignored — ignore rules never hide a tracked file from a gate; either `git rm --cached` it or drop the ignore rule
sources: WARNING: bench-artifacts/block-attach/20260913-publication/pin-red.log is tracked AND gitignored — ignore rules never hide a tracked file from a gate; either `git rm --cached` it or drop the ignore rule
sources: WARNING: bench-artifacts/block-attach/20260913-publication/sdk-pin-green.log is tracked AND gitignored — ignore rules never hide a tracked file from a gate; either `git rm --cached` it or drop the ignore rule
sources: WARNING: bench-artifacts/block-attach/20260913-publication/sdk-pin-red.log is tracked AND gitignored — ignore rules never hide a tracked file from a gate; either `git rm --cached` it or drop the ignore rule
sources: WARNING: bench-artifacts/block-attach/20260913-publication/transport-probe-control.log is tracked AND gitignored — ignore rules never hide a tracked file from a gate; either `git rm --cached` it or drop the ignore rule
sources: WARNING: bench-artifacts/block-attach/20260913-publication/transport-probe-fixed.log is tracked AND gitignored — ignore rules never hide a tracked file from a gate; either `git rm --cached` it or drop the ignore rule
sources: WARNING: bench-artifacts/block-attach/20260913-publication/transport-probe-modes.log is tracked AND gitignored — ignore rules never hide a tracked file from a gate; either `git rm --cached` it or drop the ignore rule
sources: WARNING: bench-artifacts/block-attach/20260913-publication/transport-probe.log is tracked AND gitignored — ignore rules never hide a tracked file from a gate; either `git rm --cached` it or drop the ignore rule
sources: WARNING: bench-artifacts/block-attach/20260913-publication/tsc.log is tracked AND gitignored — ignore rules never hide a tracked file from a gate; either `git rm --cached` it or drop the ignore rule
sources: WARNING: bench-artifacts/block-attach/b20260913094839/observations.json is tracked AND gitignored — ignore rules never hide a tracked file from a gate; either `git rm --cached` it or drop the ignore rule
sources: WARNING: bench-artifacts/block-attach/b20260913094839/verdict.json is tracked AND gitignored — ignore rules never hide a tracked file from a gate; either `git rm --cached` it or drop the ignore rule
sources: WARNING: bench-artifacts/block-attach/b20260913103506/driver.log is tracked AND gitignored — ignore rules never hide a tracked file from a gate; either `git rm --cached` it or drop the ignore rule
sources: WARNING: bench-artifacts/block-attach/b20260913103506/observations.json is tracked AND gitignored — ignore rules never hide a tracked file from a gate; either `git rm --cached` it or drop the ignore rule
sources: WARNING: bench-artifacts/block-attach/b20260913103506/verdict.json is tracked AND gitignored — ignore rules never hide a tracked file from a gate; either `git rm --cached` it or drop the ignore rule
sources: WARNING: bench-artifacts/block-attach/b20260913105359/block-body-final-red.log is tracked AND gitignored — ignore rules never hide a tracked file from a gate; either `git rm --cached` it or drop the ignore rule
sources: WARNING: bench-artifacts/block-attach/b20260913105359/block-body-green.log is tracked AND gitignored — ignore rules never hide a tracked file from a gate; either `git rm --cached` it or drop the ignore rule
sources: WARNING: bench-artifacts/block-attach/b20260913105359/block-body-red.log is tracked AND gitignored — ignore rules never hide a tracked file from a gate; either `git rm --cached` it or drop the ignore rule
sources: WARNING: bench-artifacts/block-attach/b20260913105359/driver.log is tracked AND gitignored — ignore rules never hide a tracked file from a gate; either `git rm --cached` it or drop the ignore rule
sources: WARNING: bench-artifacts/block-attach/b20260913105359/fallback-green.log is tracked AND gitignored — ignore rules never hide a tracked file from a gate; either `git rm --cached` it or drop the ignore rule
sources: WARNING: bench-artifacts/block-attach/b20260913105359/fallback-red.log is tracked AND gitignored — ignore rules never hide a tracked file from a gate; either `git rm --cached` it or drop the ignore rule
sources: WARNING: bench-artifacts/block-attach/b20260913105359/hash-argv-green.log is tracked AND gitignored — ignore rules never hide a tracked file from a gate; either `git rm --cached` it or drop the ignore rule
sources: WARNING: bench-artifacts/block-attach/b20260913105359/hash-argv-red.log is tracked AND gitignored — ignore rules never hide a tracked file from a gate; either `git rm --cached` it or drop the ignore rule
sources: WARNING: bench-artifacts/block-attach/b20260913105359/instrumentation.patch is tracked AND gitignored — ignore rules never hide a tracked file from a gate; either `git rm --cached` it or drop the ignore rule
sources: WARNING: bench-artifacts/block-attach/b20260913105359/lifecycle.jsonl is tracked AND gitignored — ignore rules never hide a tracked file from a gate; either `git rm --cached` it or drop the ignore rule
sources: WARNING: bench-artifacts/block-attach/b20260913105359/observations.json is tracked AND gitignored — ignore rules never hide a tracked file from a gate; either `git rm --cached` it or drop the ignore rule
sources: WARNING: bench-artifacts/block-attach/b20260913105359/scoped-tests.log is tracked AND gitignored — ignore rules never hide a tracked file from a gate; either `git rm --cached` it or drop the ignore rule
sources: WARNING: bench-artifacts/block-attach/b20260913110816/driver.log is tracked AND gitignored — ignore rules never hide a tracked file from a gate; either `git rm --cached` it or drop the ignore rule
sources: WARNING: bench-artifacts/block-attach/b20260913110816/observations.json is tracked AND gitignored — ignore rules never hide a tracked file from a gate; either `git rm --cached` it or drop the ignore rule
sources: WARNING: bench-artifacts/block-attach/b20260913112404/discard-green.log is tracked AND gitignored — ignore rules never hide a tracked file from a gate; either `git rm --cached` it or drop the ignore rule
sources: WARNING: bench-artifacts/block-attach/b20260913112404/discard-red.log is tracked AND gitignored — ignore rules never hide a tracked file from a gate; either `git rm --cached` it or drop the ignore rule
sources: WARNING: bench-artifacts/block-attach/b20260913112404/driver.log is tracked AND gitignored — ignore rules never hide a tracked file from a gate; either `git rm --cached` it or drop the ignore rule
sources: WARNING: bench-artifacts/block-attach/b20260913112404/lifecycle.jsonl is tracked AND gitignored — ignore rules never hide a tracked file from a gate; either `git rm --cached` it or drop the ignore rule
sources: WARNING: bench-artifacts/block-attach/b20260913112404/observations.json is tracked AND gitignored — ignore rules never hide a tracked file from a gate; either `git rm --cached` it or drop the ignore rule
sources: WARNING: bench-artifacts/block-attach/b20260913113106/driver.log is tracked AND gitignored — ignore rules never hide a tracked file from a gate; either `git rm --cached` it or drop the ignore rule
sources: WARNING: bench-artifacts/block-attach/b20260913113106/observations.json is tracked AND gitignored — ignore rules never hide a tracked file from a gate; either `git rm --cached` it or drop the ignore rule
sources: WARNING: bench-artifacts/block-attach/b20260913113106/verdict.json is tracked AND gitignored — ignore rules never hide a tracked file from a gate; either `git rm --cached` it or drop the ignore rule
sources: WARNING: bench-artifacts/block-attach/b20260913114625/driver.log is tracked AND gitignored — ignore rules never hide a tracked file from a gate; either `git rm --cached` it or drop the ignore rule
sources: WARNING: bench-artifacts/block-attach/b20260913114625/lifecycle.jsonl is tracked AND gitignored — ignore rules never hide a tracked file from a gate; either `git rm --cached` it or drop the ignore rule
sources: WARNING: bench-artifacts/block-attach/b20260913114625/observations.json is tracked AND gitignored — ignore rules never hide a tracked file from a gate; either `git rm --cached` it or drop the ignore rule
sources: WARNING: bench-artifacts/block-attach/b20260913114625/scoped-tests.log is tracked AND gitignored — ignore rules never hide a tracked file from a gate; either `git rm --cached` it or drop the ignore rule
sources: WARNING: bench-artifacts/block-attach/b20260913114625/verdict.json is tracked AND gitignored — ignore rules never hide a tracked file from a gate; either `git rm --cached` it or drop the ignore rule
sources: WARNING: bench-artifacts/block-attach/b20260913131044/driver.log is tracked AND gitignored — ignore rules never hide a tracked file from a gate; either `git rm --cached` it or drop the ignore rule
sources: WARNING: bench-artifacts/block-attach/b20260913131044/lifecycle.jsonl is tracked AND gitignored — ignore rules never hide a tracked file from a gate; either `git rm --cached` it or drop the ignore rule
sources: WARNING: bench-artifacts/block-attach/b20260913131044/observations.json is tracked AND gitignored — ignore rules never hide a tracked file from a gate; either `git rm --cached` it or drop the ignore rule
sources: WARNING: bench-artifacts/block-attach/b20260913131044/verdict.json is tracked AND gitignored — ignore rules never hide a tracked file from a gate; either `git rm --cached` it or drop the ignore rule
sources: WARNING: bench-artifacts/block-attach/b20260913132854/container-instrumentation.patch is tracked AND gitignored — ignore rules never hide a tracked file from a gate; either `git rm --cached` it or drop the ignore rule
sources: WARNING: bench-artifacts/block-attach/b20260913132854/devbox-instrumentation.patch is tracked AND gitignored — ignore rules never hide a tracked file from a gate; either `git rm --cached` it or drop the ignore rule
sources: WARNING: bench-artifacts/block-attach/b20260913132854/driver.log is tracked AND gitignored — ignore rules never hide a tracked file from a gate; either `git rm --cached` it or drop the ignore rule
sources: WARNING: bench-artifacts/block-attach/b20260913132854/lifecycle.jsonl is tracked AND gitignored — ignore rules never hide a tracked file from a gate; either `git rm --cached` it or drop the ignore rule
sources: WARNING: bench-artifacts/block-attach/b20260913132854/observations.json is tracked AND gitignored — ignore rules never hide a tracked file from a gate; either `git rm --cached` it or drop the ignore rule
sources: WARNING: bench-artifacts/block-attach/b20260913132854/reseat-green.log is tracked AND gitignored — ignore rules never hide a tracked file from a gate; either `git rm --cached` it or drop the ignore rule
sources: WARNING: bench-artifacts/block-attach/b20260913132854/reseat-red.log is tracked AND gitignored — ignore rules never hide a tracked file from a gate; either `git rm --cached` it or drop the ignore rule
sources: WARNING: bench-artifacts/block-attach/b20260913132854/sandbox-instrumentation.patch is tracked AND gitignored — ignore rules never hide a tracked file from a gate; either `git rm --cached` it or drop the ignore rule
sources: WARNING: bench-artifacts/block-attach/opaque-20260913/docker-red.log is tracked AND gitignored — ignore rules never hide a tracked file from a gate; either `git rm --cached` it or drop the ignore rule
sources: WARNING: bench-artifacts/block-attach/opaque-20260913/image-build.log is tracked AND gitignored — ignore rules never hide a tracked file from a gate; either `git rm --cached` it or drop the ignore rule
sources: WARNING: bench-artifacts/block-attach/opaque-20260913/image-push.log is tracked AND gitignored — ignore rules never hide a tracked file from a gate; either `git rm --cached` it or drop the ignore rule
sources: WARNING: bench-artifacts/block-attach/opaque-20260913/lean.log is tracked AND gitignored — ignore rules never hide a tracked file from a gate; either `git rm --cached` it or drop the ignore rule
sources: WARNING: bench-artifacts/block-attach/opaque-20260913/model-conformance.log is tracked AND gitignored — ignore rules never hide a tracked file from a gate; either `git rm --cached` it or drop the ignore rule
sources: WARNING: bench-artifacts/block-attach/opaque-20260913/pins-green.log is tracked AND gitignored — ignore rules never hide a tracked file from a gate; either `git rm --cached` it or drop the ignore rule
sources: WARNING: bench-artifacts/teardown/b20260913094839.json is tracked AND gitignored — ignore rules never hide a tracked file from a gate; either `git rm --cached` it or drop the ignore rule
sources: WARNING: bench-artifacts/teardown/b20260913103506.json is tracked AND gitignored — ignore rules never hide a tracked file from a gate; either `git rm --cached` it or drop the ignore rule
sources: WARNING: bench-artifacts/teardown/b20260913105043.json is tracked AND gitignored — ignore rules never hide a tracked file from a gate; either `git rm --cached` it or drop the ignore rule
sources: WARNING: bench-artifacts/teardown/b20260913105101.json is tracked AND gitignored — ignore rules never hide a tracked file from a gate; either `git rm --cached` it or drop the ignore rule
sources: WARNING: bench-artifacts/teardown/b20260913105359.json is tracked AND gitignored — ignore rules never hide a tracked file from a gate; either `git rm --cached` it or drop the ignore rule
sources: WARNING: bench-artifacts/teardown/b20260913110816.json is tracked AND gitignored — ignore rules never hide a tracked file from a gate; either `git rm --cached` it or drop the ignore rule
sources: WARNING: bench-artifacts/teardown/b20260913112404.json is tracked AND gitignored — ignore rules never hide a tracked file from a gate; either `git rm --cached` it or drop the ignore rule
sources: WARNING: bench-artifacts/teardown/b20260913113106.json is tracked AND gitignored — ignore rules never hide a tracked file from a gate; either `git rm --cached` it or drop the ignore rule
sources: WARNING: bench-artifacts/teardown/b20260913114625.json is tracked AND gitignored — ignore rules never hide a tracked file from a gate; either `git rm --cached` it or drop the ignore rule
sources: WARNING: bench-artifacts/teardown/b20260913131044.json is tracked AND gitignored — ignore rules never hide a tracked file from a gate; either `git rm --cached` it or drop the ignore rule
sources: WARNING: bench-artifacts/teardown/b20260913132854.json is tracked AND gitignored — ignore rules never hide a tracked file from a gate; either `git rm --cached` it or drop the ignore rule
sources: WARNING: bench-artifacts/teardown/p20260913101729.json is tracked AND gitignored — ignore rules never hide a tracked file from a gate; either `git rm --cached` it or drop the ignore rule
sources: WARNING: bench-artifacts/teardown/p20260913101758.json is tracked AND gitignored — ignore rules never hide a tracked file from a gate; either `git rm --cached` it or drop the ignore rule
sources: WARNING: bench-artifacts/teardown/p20260913102157.json is tracked AND gitignored — ignore rules never hide a tracked file from a gate; either `git rm --cached` it or drop the ignore rule
sources: WARNING: bench-artifacts/teardown/p20260913102749.json is tracked AND gitignored — ignore rules never hide a tracked file from a gate; either `git rm --cached` it or drop the ignore rule
[devbox-bench] deployed https://kinu-devbox-bench-b20260913141100-snapshot-chain.ashishkmr472.workers.dev at version 59734888-657d-4e8a-ad01-caf2fd8c4e2f
[devbox-bench] C3 empty baseline: no restoration has run for this container yet; driving readiness through one no-op exec (drive 1)
[devbox-bench] C3 empty baseline: the readiness drive did not answer (this devbox is not ready: no restoration has run for this container yet. A startup is armed, so ask again.); the state poll keeps the verdict
[devbox-bench] C3 empty baseline: no restoration has run for this container yet; driving readiness through one no-op exec (drive 2)
[devbox-bench] C3 empty baseline: the readiness drive did not answer (this devbox is not ready: no restoration has run for this container yet. A startup is armed, so ask again.); the state poll keeps the verdict
[devbox-bench] C3 empty baseline: no restoration has run for this container yet; driving readiness through one no-op exec (drive 3)
[devbox-bench] C3 empty baseline: the readiness drive did not answer (this devbox is not ready: no restoration has run for this container yet. A startup is armed, so ask again.); the state poll keeps the verdict
[devbox-bench] C3 empty baseline: no restoration has run for this container yet; driving readiness through one no-op exec (drive 4)
[devbox-bench] C3 cold restore: the container is stopped and no current restoration is running; driving readiness through one no-op exec (drive 1)
[devbox-bench] C3 cold restore: the readiness drive did not answer (this devbox is not ready: no restoration has run for this container yet. A startup is armed, so ask again.); the state poll keeps the verdict
[devbox-bench] C3 cold restore: no restoration has run for this container yet; driving readiness through one no-op exec (drive 2)
[devbox-bench] C3 cold restore: the readiness drive did not answer (this devbox is not ready: [unclassified → retry] composed lower mounts or generation do not match; readiness refused. A startup is armed, so ask again.); the state poll keeps the verdict
[devbox-bench] C3 cold restore: no restoration has run for this container yet; driving readiness through one no-op exec (drive 3)
{"artifact":"/home/mrwhite0racle/Kinu-wt-block-layer-impl/bench-artifacts/block-attach/b20260913141100/observations.json","c3AttachMs":null,"largeAttachMs":null,"errors":["C3 cold restore refused: this devbox has no attached work directory: [unclassified → replace] composed lower mounts or generation do not match; readiness refused. That recovery class is terminal: call attachNow() to attempt the attach again.","C3 must publish exactly 1 object attempt","the post-overwrite restore was not proven genuinely cold","C3 cold file correctness is unmeasured","storage attach phases were not observed","block payload counters were not observed"]}
