bun test v1.4.0 (34cbb9a40)

packages/core/tests/unit-volatile-context.test.ts:
[test-preload] ignoring ambient NO_COLOR — a signed-in shell is not an input to a suite; run the eval tier (KINU_EVAL_LIVE=1) to use them
871 |     executor.status = 'active';
872 |     history.push({ role: 'assistant', content: 'connected' });
873 |     const result = ledger.weave(history, { executors: [workspace, executor] });
874 | 
875 |     expect(result[1]).toBe(first[1]);
876 |     expect(result.at(-1)?.content).toContain('gpu: lab, one (A) status went from `ready on demand` to `active`');
                                         ^
error: expect(received).toContain(expected)

Expected to contain: "gpu: lab, one (A) status went from `ready on demand` to `active`"
Received: "<dynamic_context fingerprint=\"1c9bf679bab6d15c\" kind=\"delta\">\nKinu runtime state, not conversation or user text. Full blocks replace prior state.\nDelta sections replace named sections; omitted sections stay. Execution deltas update named runtimes. Cleared means empty.\n\n## Execution status\n- gpu: lab, one (A): active\n</dynamic_context>"

      at <anonymous> (/home/mrwhite0racle/Kinu-wt-cache-ema/packages/core/tests/unit-volatile-context.test.ts:876:36)
(fail) DynamicContextLedger (the cache-stability contract) > executor deltas use immutable structured identities, including punctuation [0.96ms]
886 |       { ...activeSandbox, capabilities: ['python'], unmeasuredCapabilities: ['docker'] },
887 |       { name: 'new, gpu', available: true, capabilities: ['native_binary'] },
888 |     ] });
889 |     const delta = String(result.at(-1)?.content);
890 | 
891 |     expect(delta).toContain('- old: gpu: removed from execution status.');
                        ^
error: expect(received).toContain(expected)

Expected to contain: "- old: gpu: removed from execution status."
Received: "<dynamic_context fingerprint=\"c192f4924fca3378\" kind=\"delta\">\nKinu runtime state, not conversation or user text. Full blocks replace prior state.\nDelta sections replace named sections; omitted sections stay. Execution deltas update named runtimes. Cleared means empty.\n\n## Execution status\n- sandbox: active, files at /sandbox, runs: python, not measured here: docker\n- new, gpu: available, runs: native_binary\n- old: removed from execution status.\n</dynamic_context>"

      at <anonymous> (/home/mrwhite0racle/Kinu-wt-cache-ema/packages/core/tests/unit-volatile-context.test.ts:891:19)
(fail) DynamicContextLedger (the cache-stability contract) > executor additions, removals and changed facts retain the unknown-capability legend [0.26ms]

 0 pass
 74 filtered out
 2 fail
 3 expect() calls
Ran 2 tests across 1 file. [144.00ms]
