sources: WARNING: bench-artifacts/block-attach/b20260913094839/observations.json is tracked AND gitignored — ignore rules never hide a tracked file from a gate; either `git rm --cached` it or drop the ignore rule
sources: WARNING: bench-artifacts/block-attach/b20260913094839/verdict.json is tracked AND gitignored — ignore rules never hide a tracked file from a gate; either `git rm --cached` it or drop the ignore rule
sources: WARNING: bench-artifacts/teardown/b20260913094839.json is tracked AND gitignored — ignore rules never hide a tracked file from a gate; either `git rm --cached` it or drop the ignore rule
[devbox-bench] deployed https://kinu-devbox-bench-p20260913102749-snapshot-chain.ashishkmr472.workers.dev at version 95d1132a-8a34-4d81-a8b6-e8b294b7b308
[devbox-bench] publication probe: no restoration has run for this container yet; driving readiness through one no-op exec (drive 1)
[devbox-bench] publication probe: the readiness drive did not answer (this devbox is not ready: no restoration has run for this container yet. A startup is armed, so ask again.); the state poll keeps the verdict
[devbox-bench] publication probe: no restoration has run for this container yet; driving readiness through one no-op exec (drive 2)
[devbox-bench] publication probe: the readiness drive did not answer (this devbox is not ready: no restoration has run for this container yet. A startup is armed, so ask again.); the state poll keeps the verdict
[devbox-bench] publication probe: no restoration has run for this container yet; driving readiness through one no-op exec (drive 3)
[devbox-bench] publication probe: the readiness drive did not answer (this devbox is not ready: no restoration has run for this container yet. A startup is armed, so ask again.); the state poll keeps the verdict
[devbox-bench] publication probe: no restoration has run for this container yet; driving readiness through one no-op exec (drive 4)
[devbox-bench] publication probe: the readiness drive did not answer (this devbox is not ready: no restoration has run for this container yet. A startup is armed, so ask again.); the state poll keeps the verdict
[devbox-bench] publication probe: no restoration has run for this container yet; driving readiness through one no-op exec (drive 5)
[devbox-bench] publication probe: the readiness drive did not answer (this devbox is not ready: no restoration has run for this container yet. A startup is armed, so ask again.); the state poll keeps the verdict
[devbox-bench] publication probe: no restoration has run for this container yet; driving readiness through one no-op exec (drive 6)
[devbox-bench] publication probe: the readiness drive did not answer (this devbox is not ready: no restoration has run for this container yet. A startup is armed, so ask again.); the state poll keeps the verdict
[devbox-bench] publication probe: no restoration has run for this container yet; driving readiness through one no-op exec (drive 7)
[devbox-bench] publication probe: the readiness drive did not answer (this devbox is not ready: no restoration has run for this container yet. A startup is armed, so ask again.); the state poll keeps the verdict
[devbox-bench] publication probe: no restoration has run for this container yet; driving readiness through one no-op exec (drive 8)
[publication-probe] startup
[publication-probe] mount-and-processes
[publication-probe] writer
[publication-probe] window-open
[publication-probe] ops-before
[publication-probe] baseline
[publication-probe] window-close
[publication-probe] ops-after
[publication-probe] after
[publication-probe] box-teardown
[publication-probe] worker-delete
[publication-probe] container-delete
[publication-probe] residue
[publication-probe] teardown
{"artifact":"/home/mrwhite0racle/Kinu-wt-block-layer-impl/bench-artifacts/block-attach/20260913-publication/p20260913102749"}
