[devbox-bench] deployed https://kinu-devbox-bench-b20260913143908-snapshot-chain.ashishkmr472.workers.dev at version ddc1dcbd-f5d2-47bd-9b87-ba18e1536dad
[devbox-bench] C3 empty baseline: no restoration has run for this container yet; driving readiness through one no-op exec (drive 1)
[devbox-bench] C3 empty baseline: the readiness drive did not answer (this devbox is not ready: no restoration has run for this container yet. A startup is armed, so ask again.); the state poll keeps the verdict
[devbox-bench] C3 empty baseline: no restoration has run for this container yet; driving readiness through one no-op exec (drive 2)
[devbox-bench] C3 empty baseline: the readiness drive did not answer (this devbox is not ready: no restoration has run for this container yet. A startup is armed, so ask again.); the state poll keeps the verdict
[devbox-bench] C3 empty baseline: no restoration has run for this container yet; driving readiness through one no-op exec (drive 3)
[devbox-bench] C3 empty baseline: the readiness drive did not answer (this devbox is not ready: no restoration has run for this container yet. A startup is armed, so ask again.); the state poll keeps the verdict
[devbox-bench] C3 empty baseline: no restoration has run for this container yet; driving readiness through one no-op exec (drive 4)
[devbox-bench] C3 cold restore: the container is stopped and no current restoration is running; driving readiness through one no-op exec (drive 1)
[devbox-bench] C3 cold restore: the readiness drive did not answer (this devbox is not ready: no restoration has run for this container yet. A startup is armed, so ask again.); the state poll keeps the verdict
[devbox-bench] C3 cold restore: no restoration has run for this container yet; driving readiness through one no-op exec (drive 2)
[devbox-bench] C3 cold restore: the readiness drive did not answer (this devbox is not ready: no restoration has run for this container yet. A startup is armed, so ask again.); the state poll keeps the verdict
[devbox-bench] C3 cold restore: no restoration has run for this container yet; driving readiness through one no-op exec (drive 3)
[devbox-bench] 2GiB dense baseline: no restoration has run for this container yet; driving readiness through one no-op exec (drive 1)
[devbox-bench] 2GiB dense baseline: the readiness drive did not answer (this devbox is not ready: no restoration has run for this container yet. A startup is armed, so ask again.); the state poll keeps the verdict
[devbox-bench] 2GiB dense baseline: no restoration has run for this container yet; driving readiness through one no-op exec (drive 2)
[devbox-bench] 2GiB dense baseline: the readiness drive did not answer (this devbox is not ready: no restoration has run for this container yet. A startup is armed, so ask again.); the state poll keeps the verdict
[devbox-bench] 2GiB dense baseline: no restoration has run for this container yet; driving readiness through one no-op exec (drive 3)
[devbox-bench] 2GiB dense baseline: the readiness drive did not answer (this devbox is not ready: no restoration has run for this container yet. A startup is armed, so ask again.); the state poll keeps the verdict
{"artifact":"/home/mrwhite0racle/Kinu-wt-block-layer-impl/bench-artifacts/block-attach/b20260913143908/observations.json","c3AttachMs":5218,"largeAttachMs":null,"errors":["C3 must publish exactly 1 object attempt","2GiB dense baseline did not attach within its 55000 ms ceiling (last reading: pending — running=true restoration=unstarted, 3 incident(s) recorded (1 undelivered), unready: no restoration has run for this container yet)"]}
