[devbox-bench] no abandoned benchmark resources from earlier runs
[devbox-bench:snapshot-chain] deploy failed: wrangler r2 bucket create kinu-devbox-bench-20260913154033-snapshot-chain failed: Command failed: bunx wrangler r2 bucket create kinu-devbox-bench-20260913154033-snapshot-chain
[31m✘ [41;31m[[41;97mERROR[41;31m][0m [1mA request to the Cloudflare API (/accounts/f44999d1ddda7012e9a87729eba250f1/r2/buckets) failed.[0m

  We encountered an internal error. Please try again. [code: 10001]

  If you think this is a bug, please open an issue at: [4mhttps://github.com/cloudflare/workers-sdk/issues/new/choose[0m


🪵  Logs were written to "/home/mrwhite0racle/.config/.wrangler/logs/wrangler-2026-09-13_15-40-35_280.log"

[devbox-bench:snapshot-chain] arm lane failed: deploy failed: wrangler r2 bucket create kinu-devbox-bench-20260913154033-snapshot-chain failed: Command failed: bunx wrangler r2 bucket create kinu-devbox-bench-20260913154033-snapshot-chain
[31m✘ [41;31m[[41;97mERROR[41;31m][0m [1mA request to the Cloudflare API (/accounts/f44999d1ddda7012e9a87729eba250f1/r2/buckets) failed.[0m

  We encountered an internal error. Please try again. [code: 10001]

  If you think this is a bug, please open an issue at: [4mhttps://github.com/cloudflare/workers-sdk/issues/new/choose[0m


🪵  Logs were written to "/home/mrwhite0racle/.config/.wrangler/logs/wrangler-2026-09-13_15-40-35_280.log"

[devbox-bench] snapshot-chain fixture resources: worker: deleted or absent, absent
### Devbox storage strategy: `snapshot-chain`

- date: `2026-09-13`
- run: `kinu-devbox-bench-20260913154033`
- worker: `kinu-devbox-bench-20260913154033-snapshot-chain`
- bucket: `kinu-devbox-bench-20260913154033-snapshot-chain`
- image: `registry.cloudflare.com/f44999d1ddda7012e9a87729eba250f1/kinu-devbox-block-layer@sha256:3b11f7bf756af01664663f05fd1f3c1721dababc6a4fcf2bfa047d341d9b6a9e`
- seed: `20260824`
- loop budget ms: `8000`
- deciding repetitions: `2`
- publication rendezvous: `armed at Worker boot; one added control RPC per successful object write`
- publication accounting: `counter lookup per PUT/part/complete; the C3 window additionally persists each attempt completion`
- witness profile: `chunked`
- live C3: `required; isolated one-file baseline after the priced workloads; raw PUT window and genuinely cold digest check`

#### Lifecycle proof, first, per arm

| arm | lifecycle proof | failing checks |
| --- | --- | --- |
| `snapshot-chain` | **FAILED** | `the arm completed every measured step` |

An ordinary arm whose lifecycle proof fails measured the container's own blank disk. Its rows are recorded for diagnosis and are NOT ranked. Probe rows are different: PRECONDITION FAILED means no probe ran; PARTIAL means some evidence was archived before the finding. Neither is an arm verdict.

#### Lifecycle

| arm | attach cold (ms) | attach warm (ms) | stop (ms) | wake (ms) | wake attach.kind |
| --- | --- | --- | --- | --- | --- |
| `snapshot-chain` | — | — | — | — | **unknown** |

A wake whose `attach.kind` is not `attached` did not restore anything: the container never went down, so no durability conclusion may be drawn from that cycle.

#### Checkpoint ladder

| arm | change | kind | ms | bytes committed | outcome |
| --- | --- | --- | --- | --- | --- |

#### Restore and backup time versus tree size

One fixed 64 KiB backup plus one stop then wake at each ladder rung’s cumulative tree size. The last rung’s restore is the post-ladder wake itself, so no container work is duplicated. Measured 2026-09-13.

| arm | tree bytes | 64 KiB backup (ms) | restore (ms) | restore remote ops | restore payload bytes | outcome |
| --- | --- | --- | --- | --- | --- | --- |
| `snapshot-chain` | 65,536 | NOT MEASURED: the arm recorded no tree-size row at 65,536 bytes | — | — | — | NOT MEASURED |
| `snapshot-chain` | 4,259,840 | NOT MEASURED: the arm recorded no tree-size row at 4,259,840 bytes | — | — | — | NOT MEASURED |
| `snapshot-chain` | 71,368,704 | NOT MEASURED: the arm recorded no tree-size row at 71,368,704 bytes | — | — | — | NOT MEASURED |

#### Workload, per-operation p50 (ms)

| metric | `snapshot-chain` |
| --- | --- |

Repetitions of the deciding metric `small-stat-1k`, which is what G9 scores: `snapshot-chain` 0. The run asked for 2 per arm, and G9 censors a cell below 2.

#### R2 operations and teardown

| arm | class A | class B | free | total | teardown |
| --- | --- | --- | --- | --- | --- |
| `snapshot-chain` | — | — | — | — | {} |

#### What did not hold

- `snapshot-chain`: log: deploy failed: wrangler r2 bucket create kinu-devbox-bench-20260913154033-snapshot-chain failed: Command failed: bunx wrangler r2 bucket create kinu-devbox-bench-20260913154033-snapshot-chain
[31m✘ [41;31m[[41;97mERROR[41;31m][0m [1mA request to the Cloudflare API (/accounts/f44999d1ddda7012e9a87729eba250f1/r2/buckets) failed.[0m

  We encountered an internal error. Please try again. [code: 10001]

  If you think this is a bug, please open an issue at: [4mhttps://github.com/cloudflare/workers-sdk/issues/new/choose[0m


🪵  Logs were written to "/home/mrwhite0racle/.config/.wrangler/logs/wrangler-2026-09-13_15-40-35_280.log"

- `snapshot-chain`: log: arm lane failed: deploy failed: wrangler r2 bucket create kinu-devbox-bench-20260913154033-snapshot-chain failed: Command failed: bunx wrangler r2 bucket create kinu-devbox-bench-20260913154033-snapshot-chain
[31m✘ [41;31m[[41;97mERROR[41;31m][0m [1mA request to the Cloudflare API (/accounts/f44999d1ddda7012e9a87729eba250f1/r2/buckets) failed.[0m

  We encountered an internal error. Please try again. [code: 10001]

  If you think this is a bug, please open an issue at: [4mhttps://github.com/cloudflare/workers-sdk/issues/new/choose[0m


🪵  Logs were written to "/home/mrwhite0racle/.config/.wrangler/logs/wrangler-2026-09-13_15-40-35_280.log"

- `snapshot-chain`: arm lane failed: deploy failed: wrangler r2 bucket create kinu-devbox-bench-20260913154033-snapshot-chain failed: Command failed: bunx wrangler r2 bucket create kinu-devbox-bench-20260913154033-snapshot-chain
[31m✘ [41;31m[[41;97mERROR[41;31m][0m [1mA request to the Cloudflare API (/accounts/f44999d1ddda7012e9a87729eba250f1/r2/buckets) failed.[0m

  We encountered an internal error. Please try again. [code: 10001]

  If you think this is a bug, please open an issue at: [4mhttps://github.com/cloudflare/workers-sdk/issues/new/choose[0m


🪵  Logs were written to "/home/mrwhite0racle/.config/.wrangler/logs/wrangler-2026-09-13_15-40-35_280.log"


#### Recommendation

RECOMMENDATION REFUSED. This run failed admission, so ranking anything it measured would publish a claim the instrument cannot support:
- G0 Provenance.: the run recorded no worker-version
- G2 Filesystem semantics.: arm `snapshot-chain` did NOT produce its expected red witness "mutable-delta": an expected failure that vanished is instrument drift; arm `snapshot-chain` did NOT produce its expected red witness "chunked-absorption": an expected failure that vanished is instrument drift
- G3 Publication safety.: no completed fault-cut evidence: the interruption at the publication cut never ran to completion; observers did not confirm all-old-or-all-new state across the cut; barrier-ack loss across the cut was never counted; post-publication references were never swept for absent objects; rollback and phantom-root behaviour was never checked
- G4 Security.: security fault cells incomplete: F7 stale-writer, F10 hostile-metadata, F11 capability escape/replay, and F12 credential exposure must all have run
- G5 Restore complexity.: arm `snapshot-chain` declares durability but never exercised a restore; arm `snapshot-chain` claims a bounded-k restore bound that was never mechanically verified; arm `snapshot-chain` no counted restore: the wake answered "nothing", so the restore never ran and none of the seven fields was observed (counted: wake kind "none")
- G6 Complete cells.: cell T0/C0/K0 (blank) did not complete; arm `snapshot-chain` recorded no cold attach, so its first attach was never timed; arm `snapshot-chain` cold attach reported kind "none"; arm `snapshot-chain` second attach did not observe the unchanged generation (kind "none"); arm `snapshot-chain` did not record both wake and warm-attach generation ids, so unchanged attach was not evidenced; arm `snapshot-chain` wake did not attach durable bytes (kind "none"); arm `snapshot-chain` recorded 0 of 6 ladder checkpoints
- G7 Reconciled accounting.: the run recorded no operation accounting at all; arm `snapshot-chain` recorded no `/ops` tally, so its operations are unaccounted
- G9 Statistical validity.: deciding cell T0/C0/K0 censored: fewer than two repetitions; every deciding cell is censored, so no statistical claim survives; arm `snapshot-chain` measured the deciding metric `small-stat-1k` 0 time(s); 2 repetitions are the fewest a dispersion claim can rest on; arm `snapshot-chain` measured the deciding metric `small-stat-1k` 0 time(s) where the run asked for 2: repetition(s) were lost, so the dispersion is over fewer samples than the run intended

[devbox-bench] artifact written to bench-artifacts/devbox-strategies-20260913154033.json
DECISIVE_RUN_EXIT=1
