bun test v1.4.0 (34cbb9a40)

packages/devbox/tests/init-gate-block-bodies.test.ts:
[test-preload] ignoring ambient NO_COLOR — a signed-in shell is not an input to a suite; run the eval tier (KINU_EVAL_LIVE=1) to use them
sources: WARNING: bench-artifacts/block-attach/20260913-publication/counter-pin-red.log is tracked AND gitignored — ignore rules never hide a tracked file from a gate; either `git rm --cached` it or drop the ignore rule
sources: WARNING: bench-artifacts/block-attach/20260913-publication/diagnosis.json is tracked AND gitignored — ignore rules never hide a tracked file from a gate; either `git rm --cached` it or drop the ignore rule
sources: WARNING: bench-artifacts/block-attach/20260913-publication/final-pins.log is tracked AND gitignored — ignore rules never hide a tracked file from a gate; either `git rm --cached` it or drop the ignore rule
sources: WARNING: bench-artifacts/block-attach/20260913-publication/interrupted-teardown.log is tracked AND gitignored — ignore rules never hide a tracked file from a gate; either `git rm --cached` it or drop the ignore rule
sources: WARNING: bench-artifacts/block-attach/20260913-publication/local-s3fs.log is tracked AND gitignored — ignore rules never hide a tracked file from a gate; either `git rm --cached` it or drop the ignore rule
sources: WARNING: bench-artifacts/block-attach/20260913-publication/local-s3fs.sh is tracked AND gitignored — ignore rules never hide a tracked file from a gate; either `git rm --cached` it or drop the ignore rule
sources: WARNING: bench-artifacts/block-attach/20260913-publication/p20260913101729/observations.json is tracked AND gitignored — ignore rules never hide a tracked file from a gate; either `git rm --cached` it or drop the ignore rule
sources: WARNING: bench-artifacts/block-attach/20260913-publication/p20260913101729/wrangler.json is tracked AND gitignored — ignore rules never hide a tracked file from a gate; either `git rm --cached` it or drop the ignore rule
sources: WARNING: bench-artifacts/block-attach/20260913-publication/p20260913101758/driver.log is tracked AND gitignored — ignore rules never hide a tracked file from a gate; either `git rm --cached` it or drop the ignore rule
sources: WARNING: bench-artifacts/block-attach/20260913-publication/p20260913101758/observations.json is tracked AND gitignored — ignore rules never hide a tracked file from a gate; either `git rm --cached` it or drop the ignore rule
sources: WARNING: bench-artifacts/block-attach/20260913-publication/p20260913101758/wrangler.json is tracked AND gitignored — ignore rules never hide a tracked file from a gate; either `git rm --cached` it or drop the ignore rule
sources: WARNING: bench-artifacts/block-attach/20260913-publication/p20260913102157/driver.log is tracked AND gitignored — ignore rules never hide a tracked file from a gate; either `git rm --cached` it or drop the ignore rule
sources: WARNING: bench-artifacts/block-attach/20260913-publication/p20260913102157/observations.json is tracked AND gitignored — ignore rules never hide a tracked file from a gate; either `git rm --cached` it or drop the ignore rule
sources: WARNING: bench-artifacts/block-attach/20260913-publication/p20260913102157/wrangler.json is tracked AND gitignored — ignore rules never hide a tracked file from a gate; either `git rm --cached` it or drop the ignore rule
sources: WARNING: bench-artifacts/block-attach/20260913-publication/p20260913102749/driver.log is tracked AND gitignored — ignore rules never hide a tracked file from a gate; either `git rm --cached` it or drop the ignore rule
sources: WARNING: bench-artifacts/block-attach/20260913-publication/p20260913102749/observations.json is tracked AND gitignored — ignore rules never hide a tracked file from a gate; either `git rm --cached` it or drop the ignore rule
sources: WARNING: bench-artifacts/block-attach/20260913-publication/p20260913102749/wrangler.json is tracked AND gitignored — ignore rules never hide a tracked file from a gate; either `git rm --cached` it or drop the ignore rule
sources: WARNING: bench-artifacts/block-attach/20260913-publication/pin-green.log is tracked AND gitignored — ignore rules never hide a tracked file from a gate; either `git rm --cached` it or drop the ignore rule
sources: WARNING: bench-artifacts/block-attach/20260913-publication/pin-red.log is tracked AND gitignored — ignore rules never hide a tracked file from a gate; either `git rm --cached` it or drop the ignore rule
sources: WARNING: bench-artifacts/block-attach/20260913-publication/sdk-pin-green.log is tracked AND gitignored — ignore rules never hide a tracked file from a gate; either `git rm --cached` it or drop the ignore rule
sources: WARNING: bench-artifacts/block-attach/20260913-publication/sdk-pin-red.log is tracked AND gitignored — ignore rules never hide a tracked file from a gate; either `git rm --cached` it or drop the ignore rule
sources: WARNING: bench-artifacts/block-attach/20260913-publication/transport-probe-control.log is tracked AND gitignored — ignore rules never hide a tracked file from a gate; either `git rm --cached` it or drop the ignore rule
sources: WARNING: bench-artifacts/block-attach/20260913-publication/transport-probe-fixed.log is tracked AND gitignored — ignore rules never hide a tracked file from a gate; either `git rm --cached` it or drop the ignore rule
sources: WARNING: bench-artifacts/block-attach/20260913-publication/transport-probe-modes.log is tracked AND gitignored — ignore rules never hide a tracked file from a gate; either `git rm --cached` it or drop the ignore rule
sources: WARNING: bench-artifacts/block-attach/20260913-publication/transport-probe.log is tracked AND gitignored — ignore rules never hide a tracked file from a gate; either `git rm --cached` it or drop the ignore rule
sources: WARNING: bench-artifacts/block-attach/20260913-publication/tsc.log is tracked AND gitignored — ignore rules never hide a tracked file from a gate; either `git rm --cached` it or drop the ignore rule
sources: WARNING: bench-artifacts/block-attach/b20260913094839/observations.json is tracked AND gitignored — ignore rules never hide a tracked file from a gate; either `git rm --cached` it or drop the ignore rule
sources: WARNING: bench-artifacts/block-attach/b20260913094839/verdict.json is tracked AND gitignored — ignore rules never hide a tracked file from a gate; either `git rm --cached` it or drop the ignore rule
sources: WARNING: bench-artifacts/block-attach/b20260913103506/driver.log is tracked AND gitignored — ignore rules never hide a tracked file from a gate; either `git rm --cached` it or drop the ignore rule
sources: WARNING: bench-artifacts/block-attach/b20260913103506/observations.json is tracked AND gitignored — ignore rules never hide a tracked file from a gate; either `git rm --cached` it or drop the ignore rule
sources: WARNING: bench-artifacts/block-attach/b20260913103506/verdict.json is tracked AND gitignored — ignore rules never hide a tracked file from a gate; either `git rm --cached` it or drop the ignore rule
sources: WARNING: bench-artifacts/teardown/b20260913094839.json is tracked AND gitignored — ignore rules never hide a tracked file from a gate; either `git rm --cached` it or drop the ignore rule
sources: WARNING: bench-artifacts/teardown/b20260913103506.json is tracked AND gitignored — ignore rules never hide a tracked file from a gate; either `git rm --cached` it or drop the ignore rule
sources: WARNING: bench-artifacts/teardown/p20260913101729.json is tracked AND gitignored — ignore rules never hide a tracked file from a gate; either `git rm --cached` it or drop the ignore rule
sources: WARNING: bench-artifacts/teardown/p20260913101758.json is tracked AND gitignored — ignore rules never hide a tracked file from a gate; either `git rm --cached` it or drop the ignore rule
sources: WARNING: bench-artifacts/teardown/p20260913102157.json is tracked AND gitignored — ignore rules never hide a tracked file from a gate; either `git rm --cached` it or drop the ignore rule
sources: WARNING: bench-artifacts/teardown/p20260913102749.json is tracked AND gitignored — ignore rules never hide a tracked file from a gate; either `git rm --cached` it or drop the ignore rule
28 | });
29 | 
30 | test('the installed SDK blocks and product blocks never reach a container RPC', () => {
31 |   const sources = containerBlockSources(readSources());
32 |   expect([...sources].some(([file]) => file.endsWith('/lib/container.js'))).toBe(true);
33 |   expect(auditBlockBodies(sources)).toEqual([]);
                                         ^
error: expect(received).toEqual(expected)

- []
+ [
+   {
+     "file": "/home/mrwhite0racle/Kinu-wt-block-layer-impl/node_modules/@cloudflare/containers/dist/lib/container.js",
+     "line": 583,
+     "member": "exec",
+     "owner": "blockConcurrencyWhile",
+     "reason": "input block reaches container RPC `exec`; release the storage block before container work",
+   },
+   {
+     "file": "/home/mrwhite0racle/Kinu-wt-block-layer-impl/node_modules/@cloudflare/containers/dist/lib/container.js",
+     "line": 641,
+     "member": "exec",
+     "owner": "blockConcurrencyWhile",
+     "reason": "input block reaches container RPC `exec`; release the storage block before container work",
+   },
+ ]

- Expected  - 1
+ Received  + 16

      at <anonymous> (/home/mrwhite0racle/Kinu-wt-block-layer-impl/packages/devbox/tests/init-gate-block-bodies.test.ts:33:37)
(fail) the installed SDK blocks and product blocks never reach a container RPC [126.00ms]

 2 pass
 1 fail
 7 expect() calls
Ran 3 tests across 1 file. [167.00ms]
