sources: WARNING: bench-artifacts/block-attach/20260913-publication/counter-pin-red.log is tracked AND gitignored — ignore rules never hide a tracked file from a gate; either `git rm --cached` it or drop the ignore rule
sources: WARNING: bench-artifacts/block-attach/20260913-publication/diagnosis.json is tracked AND gitignored — ignore rules never hide a tracked file from a gate; either `git rm --cached` it or drop the ignore rule
sources: WARNING: bench-artifacts/block-attach/20260913-publication/final-pins.log is tracked AND gitignored — ignore rules never hide a tracked file from a gate; either `git rm --cached` it or drop the ignore rule
sources: WARNING: bench-artifacts/block-attach/20260913-publication/interrupted-teardown.log is tracked AND gitignored — ignore rules never hide a tracked file from a gate; either `git rm --cached` it or drop the ignore rule
sources: WARNING: bench-artifacts/block-attach/20260913-publication/local-s3fs.log is tracked AND gitignored — ignore rules never hide a tracked file from a gate; either `git rm --cached` it or drop the ignore rule
sources: WARNING: bench-artifacts/block-attach/20260913-publication/local-s3fs.sh is tracked AND gitignored — ignore rules never hide a tracked file from a gate; either `git rm --cached` it or drop the ignore rule
sources: WARNING: bench-artifacts/block-attach/20260913-publication/p20260913101729/observations.json is tracked AND gitignored — ignore rules never hide a tracked file from a gate; either `git rm --cached` it or drop the ignore rule
sources: WARNING: bench-artifacts/block-attach/20260913-publication/p20260913101729/wrangler.json is tracked AND gitignored — ignore rules never hide a tracked file from a gate; either `git rm --cached` it or drop the ignore rule
sources: WARNING: bench-artifacts/block-attach/20260913-publication/p20260913101758/driver.log is tracked AND gitignored — ignore rules never hide a tracked file from a gate; either `git rm --cached` it or drop the ignore rule
sources: WARNING: bench-artifacts/block-attach/20260913-publication/p20260913101758/observations.json is tracked AND gitignored — ignore rules never hide a tracked file from a gate; either `git rm --cached` it or drop the ignore rule
sources: WARNING: bench-artifacts/block-attach/20260913-publication/p20260913101758/wrangler.json is tracked AND gitignored — ignore rules never hide a tracked file from a gate; either `git rm --cached` it or drop the ignore rule
sources: WARNING: bench-artifacts/block-attach/20260913-publication/p20260913102157/driver.log is tracked AND gitignored — ignore rules never hide a tracked file from a gate; either `git rm --cached` it or drop the ignore rule
sources: WARNING: bench-artifacts/block-attach/20260913-publication/p20260913102157/observations.json is tracked AND gitignored — ignore rules never hide a tracked file from a gate; either `git rm --cached` it or drop the ignore rule
sources: WARNING: bench-artifacts/block-attach/20260913-publication/p20260913102157/wrangler.json is tracked AND gitignored — ignore rules never hide a tracked file from a gate; either `git rm --cached` it or drop the ignore rule
sources: WARNING: bench-artifacts/block-attach/20260913-publication/p20260913102749/driver.log is tracked AND gitignored — ignore rules never hide a tracked file from a gate; either `git rm --cached` it or drop the ignore rule
sources: WARNING: bench-artifacts/block-attach/20260913-publication/p20260913102749/observations.json is tracked AND gitignored — ignore rules never hide a tracked file from a gate; either `git rm --cached` it or drop the ignore rule
sources: WARNING: bench-artifacts/block-attach/20260913-publication/p20260913102749/wrangler.json is tracked AND gitignored — ignore rules never hide a tracked file from a gate; either `git rm --cached` it or drop the ignore rule
sources: WARNING: bench-artifacts/block-attach/20260913-publication/pin-green.log is tracked AND gitignored — ignore rules never hide a tracked file from a gate; either `git rm --cached` it or drop the ignore rule
sources: WARNING: bench-artifacts/block-attach/20260913-publication/pin-red.log is tracked AND gitignored — ignore rules never hide a tracked file from a gate; either `git rm --cached` it or drop the ignore rule
sources: WARNING: bench-artifacts/block-attach/20260913-publication/sdk-pin-green.log is tracked AND gitignored — ignore rules never hide a tracked file from a gate; either `git rm --cached` it or drop the ignore rule
sources: WARNING: bench-artifacts/block-attach/20260913-publication/sdk-pin-red.log is tracked AND gitignored — ignore rules never hide a tracked file from a gate; either `git rm --cached` it or drop the ignore rule
sources: WARNING: bench-artifacts/block-attach/20260913-publication/transport-probe-control.log is tracked AND gitignored — ignore rules never hide a tracked file from a gate; either `git rm --cached` it or drop the ignore rule
sources: WARNING: bench-artifacts/block-attach/20260913-publication/transport-probe-fixed.log is tracked AND gitignored — ignore rules never hide a tracked file from a gate; either `git rm --cached` it or drop the ignore rule
sources: WARNING: bench-artifacts/block-attach/20260913-publication/transport-probe-modes.log is tracked AND gitignored — ignore rules never hide a tracked file from a gate; either `git rm --cached` it or drop the ignore rule
sources: WARNING: bench-artifacts/block-attach/20260913-publication/transport-probe.log is tracked AND gitignored — ignore rules never hide a tracked file from a gate; either `git rm --cached` it or drop the ignore rule
sources: WARNING: bench-artifacts/block-attach/20260913-publication/tsc.log is tracked AND gitignored — ignore rules never hide a tracked file from a gate; either `git rm --cached` it or drop the ignore rule
sources: WARNING: bench-artifacts/block-attach/b20260913094839/observations.json is tracked AND gitignored — ignore rules never hide a tracked file from a gate; either `git rm --cached` it or drop the ignore rule
sources: WARNING: bench-artifacts/block-attach/b20260913094839/verdict.json is tracked AND gitignored — ignore rules never hide a tracked file from a gate; either `git rm --cached` it or drop the ignore rule
sources: WARNING: bench-artifacts/block-attach/b20260913103506/driver.log is tracked AND gitignored — ignore rules never hide a tracked file from a gate; either `git rm --cached` it or drop the ignore rule
sources: WARNING: bench-artifacts/block-attach/b20260913103506/observations.json is tracked AND gitignored — ignore rules never hide a tracked file from a gate; either `git rm --cached` it or drop the ignore rule
sources: WARNING: bench-artifacts/block-attach/b20260913103506/verdict.json is tracked AND gitignored — ignore rules never hide a tracked file from a gate; either `git rm --cached` it or drop the ignore rule
sources: WARNING: bench-artifacts/teardown/b20260913094839.json is tracked AND gitignored — ignore rules never hide a tracked file from a gate; either `git rm --cached` it or drop the ignore rule
sources: WARNING: bench-artifacts/teardown/b20260913103506.json is tracked AND gitignored — ignore rules never hide a tracked file from a gate; either `git rm --cached` it or drop the ignore rule
sources: WARNING: bench-artifacts/teardown/p20260913101729.json is tracked AND gitignored — ignore rules never hide a tracked file from a gate; either `git rm --cached` it or drop the ignore rule
sources: WARNING: bench-artifacts/teardown/p20260913101758.json is tracked AND gitignored — ignore rules never hide a tracked file from a gate; either `git rm --cached` it or drop the ignore rule
sources: WARNING: bench-artifacts/teardown/p20260913102157.json is tracked AND gitignored — ignore rules never hide a tracked file from a gate; either `git rm --cached` it or drop the ignore rule
sources: WARNING: bench-artifacts/teardown/p20260913102749.json is tracked AND gitignored — ignore rules never hide a tracked file from a gate; either `git rm --cached` it or drop the ignore rule
[devbox-bench] deployed https://kinu-devbox-bench-b20260913105359-snapshot-chain.ashishkmr472.workers.dev at version 4adaec8c-1974-46a1-a1f2-4e72ddb6c256
[devbox-bench] C3 empty baseline: no restoration has run for this container yet; driving readiness through one no-op exec (drive 1)
[devbox-bench] C3 empty baseline: the readiness drive did not answer (this devbox is not ready: no restoration has run for this container yet. A startup is armed, so ask again.); the state poll keeps the verdict
[devbox-bench] C3 empty baseline: no restoration has run for this container yet; driving readiness through one no-op exec (drive 2)
[devbox-bench] C3 empty baseline: the readiness drive did not answer (this devbox is not ready: no restoration has run for this container yet. A startup is armed, so ask again.); the state poll keeps the verdict
[devbox-bench] C3 empty baseline: no restoration has run for this container yet; driving readiness through one no-op exec (drive 3)
[devbox-bench] C3 empty baseline: the readiness drive did not answer (this devbox is not ready: no restoration has run for this container yet. A startup is armed, so ask again.); the state poll keeps the verdict
[devbox-bench] C3 empty baseline: no restoration has run for this container yet; driving readiness through one no-op exec (drive 4)
[devbox-bench] C3 empty baseline: the readiness drive did not answer (this devbox is not ready: no restoration has run for this container yet. A startup is armed, so ask again.); the state poll keeps the verdict
[devbox-bench] 2GiB sparse baseline: no restoration has run for this container yet; driving readiness through one no-op exec (drive 1)
[devbox-bench] 2GiB sparse baseline: the readiness drive did not answer (this devbox is not ready: no restoration has run for this container yet. A startup is armed, so ask again.); the state poll keeps the verdict
[devbox-bench] 2GiB sparse baseline: no restoration has run for this container yet; driving readiness through one no-op exec (drive 2)
[devbox-bench] POST /checkpoint?box=ab-snapshot-chain-b20260913105359: transport loss on attempt 1; asking again
[devbox-bench] POST /checkpoint?box=ab-snapshot-chain-b20260913105359: transport loss on attempt 2; asking again
[devbox-bench] 2GiB sparse cold restore: the container is stopped and no current restoration is running; driving readiness through one no-op exec (drive 1)
[devbox-bench] 2GiB sparse cold restore: the readiness drive did not answer (this devbox is not ready: no restoration has run for this container yet. A startup is armed, so ask again.); the state poll keeps the verdict
[devbox-bench] 2GiB sparse cold restore: no restoration has run for this container yet; driving readiness through one no-op exec (drive 2)
{"artifact":"/home/mrwhite0racle/Kinu-wt-block-layer-impl/bench-artifacts/block-attach/b20260913105359/observations.json","c3AttachMs":null,"sparseAttachMs":2012,"errors":["the C3 baseline writer did not complete","the baseline writer was unobserved","the baseline checkpoint was not committed","the overwrite writer was unobserved","C3 requires its one committed overwrite checkpoint","the publication window is absent, invalid or still open","the PUT window does not belong to this run and box","the independent operation bracket was unobserved","C3 must publish exactly 1 object attempt","C3 publication bytes must be observed and strictly below 196608","the post-overwrite restore was not proven genuinely cold","C3 cold file correctness is unmeasured","storage attach phases were not observed","block payload counters were not observed","block-read counters unobserved: cat: /var/tmp/devbox/block-lower-stats.json: No such file or directory"]}
