bun test v1.4.0 (34cbb9a40)

packages/devbox/tests/snapshot-chain.test.ts:
[test-preload] ignoring ambient NO_COLOR — a signed-in shell is not an input to a suite; run the eval tier (KINU_EVAL_LIVE=1) to use them
3672 |         if (reason === 'stage-failed' && command.startsWith('# devbox-stage-v1')) return { stdout: '', stderr: 'stage refused', exitCode: 1 };
3673 |         return stdout === undefined ? await exec(command) : { stdout, stderr: '', exitCode: 0 };
3674 |       };
3675 |       expect((await checkpointOf(record, 'tick')).kind).toBe('committed');
3676 |       expect(record.state?.deltaFormat).toBeUndefined();
3677 |       expect(record.state?.deltaFallback?.reason).toBe(reason);
                                                         ^
error: expect(received).toBe(expected)

Expected: "upper-probe-failed"
Received: undefined

      at <anonymous> (/home/mrwhite0racle/Kinu-wt-block-layer-impl/packages/devbox/tests/snapshot-chain.test.ts:3677:51)
(fail) a legacy delta publication carries its fallback evidence > upper-probe-failed [6.39ms]
3672 |         if (reason === 'stage-failed' && command.startsWith('# devbox-stage-v1')) return { stdout: '', stderr: 'stage refused', exitCode: 1 };
3673 |         return stdout === undefined ? await exec(command) : { stdout, stderr: '', exitCode: 0 };
3674 |       };
3675 |       expect((await checkpointOf(record, 'tick')).kind).toBe('committed');
3676 |       expect(record.state?.deltaFormat).toBeUndefined();
3677 |       expect(record.state?.deltaFallback?.reason).toBe(reason);
                                                         ^
error: expect(received).toBe(expected)

Expected: "upper-empty"
Received: undefined

      at <anonymous> (/home/mrwhite0racle/Kinu-wt-block-layer-impl/packages/devbox/tests/snapshot-chain.test.ts:3677:51)
(fail) a legacy delta publication carries its fallback evidence > upper-empty [1.04ms]
3672 |         if (reason === 'stage-failed' && command.startsWith('# devbox-stage-v1')) return { stdout: '', stderr: 'stage refused', exitCode: 1 };
3673 |         return stdout === undefined ? await exec(command) : { stdout, stderr: '', exitCode: 0 };
3674 |       };
3675 |       expect((await checkpointOf(record, 'tick')).kind).toBe('committed');
3676 |       expect(record.state?.deltaFormat).toBeUndefined();
3677 |       expect(record.state?.deltaFallback?.reason).toBe(reason);
                                                         ^
error: expect(received).toBe(expected)

Expected: "whiteout-probe-failed"
Received: undefined

      at <anonymous> (/home/mrwhite0racle/Kinu-wt-block-layer-impl/packages/devbox/tests/snapshot-chain.test.ts:3677:51)
(fail) a legacy delta publication carries its fallback evidence > whiteout-probe-failed [1.00ms]
3672 |         if (reason === 'stage-failed' && command.startsWith('# devbox-stage-v1')) return { stdout: '', stderr: 'stage refused', exitCode: 1 };
3673 |         return stdout === undefined ? await exec(command) : { stdout, stderr: '', exitCode: 0 };
3674 |       };
3675 |       expect((await checkpointOf(record, 'tick')).kind).toBe('committed');
3676 |       expect(record.state?.deltaFormat).toBeUndefined();
3677 |       expect(record.state?.deltaFallback?.reason).toBe(reason);
                                                         ^
error: expect(received).toBe(expected)

Expected: "base-probe-failed"
Received: undefined

      at <anonymous> (/home/mrwhite0racle/Kinu-wt-block-layer-impl/packages/devbox/tests/snapshot-chain.test.ts:3677:51)
(fail) a legacy delta publication carries its fallback evidence > base-probe-failed [1.05ms]
3672 |         if (reason === 'stage-failed' && command.startsWith('# devbox-stage-v1')) return { stdout: '', stderr: 'stage refused', exitCode: 1 };
3673 |         return stdout === undefined ? await exec(command) : { stdout, stderr: '', exitCode: 0 };
3674 |       };
3675 |       expect((await checkpointOf(record, 'tick')).kind).toBe('committed');
3676 |       expect(record.state?.deltaFormat).toBeUndefined();
3677 |       expect(record.state?.deltaFallback?.reason).toBe(reason);
                                                         ^
error: expect(received).toBe(expected)

Expected: "block-hash-failed"
Received: undefined

      at <anonymous> (/home/mrwhite0racle/Kinu-wt-block-layer-impl/packages/devbox/tests/snapshot-chain.test.ts:3677:51)
(fail) a legacy delta publication carries its fallback evidence > block-hash-failed [1.33ms]
3672 |         if (reason === 'stage-failed' && command.startsWith('# devbox-stage-v1')) return { stdout: '', stderr: 'stage refused', exitCode: 1 };
3673 |         return stdout === undefined ? await exec(command) : { stdout, stderr: '', exitCode: 0 };
3674 |       };
3675 |       expect((await checkpointOf(record, 'tick')).kind).toBe('committed');
3676 |       expect(record.state?.deltaFormat).toBeUndefined();
3677 |       expect(record.state?.deltaFallback?.reason).toBe(reason);
                                                         ^
error: expect(received).toBe(expected)

Expected: "stage-failed"
Received: undefined

      at <anonymous> (/home/mrwhite0racle/Kinu-wt-block-layer-impl/packages/devbox/tests/snapshot-chain.test.ts:3677:51)
(fail) a legacy delta publication carries its fallback evidence > stage-failed [1.32ms]

 0 pass
 128 filtered out
 6 fail
 18 expect() calls
Ran 6 tests across 1 file. [58.00ms]
