bun test v1.4.0 (34cbb9a40)

packages/devbox/tests/delta-hash-argv.test.ts:
[test-preload] ignoring ambient NO_COLOR — a signed-in shell is not an input to a suite; run the eval tier (KINU_EVAL_LIVE=1) to use them
18 |   closeSync(fd);
19 |   try {
20 |     const command = deltaBlockHashCommand({ workDir, files: [{ index: 0, upperPath: input, basePath: null }] });
21 |     const result = spawnSync('bash', ['-c', command.replaceAll(' 2>/dev/null', '')], { encoding: 'utf8', maxBuffer: 16 * 1024 * 1024 });
22 |     expect(result.status).toBe(0);
23 |     expect(result.stderr).toBe('');
                               ^
error: expect(received).toBe(expected)

- ""
+ "bash: line 7: /usr/bin/sha256sum: Argument list too long
+ "

- Expected  - 1
+ Received  + 2

      at <anonymous> (/home/mrwhite0racle/Kinu-wt-block-layer-impl/packages/devbox/tests/delta-hash-argv.test.ts:23:27)
(fail) block hashes do not expand the changed file into one unbounded argv [695.43ms]

 0 pass
 1 fail
 2 expect() calls
Ran 1 test across 1 file. [726.00ms]
