bun test v1.4.0 (34cbb9a40)

scripts/bench-devbox-decision.test.ts:
[test-preload] ignoring ambient NO_COLOR — a signed-in shell is not an input to a suite; run the eval tier (KINU_EVAL_LIVE=1) to use them
[devbox-bench] create (cold attach)
[devbox-bench] restore probe cold-attach: wallMs=null no phases (absent: no probe row in the reply)
[devbox-bench] install harness
[devbox-bench] ops reset and ladder
[devbox-bench] restore probe complexity-restore: wallMs=null no phases (absent: no probe row in the reply)
[devbox-bench] restore probe complexity-restore: wallMs=null no phases (absent: no probe row in the reply)
[devbox-bench] stop then wake
[devbox-bench] restore probe post-ladder-wake: wallMs=null no phases (absent: no probe row in the reply)
[devbox-bench] workload phases
[devbox-bench] the deciding metric `small-stat-1k` was measured 0 time(s) over phase(s) (none)
[devbox-bench] ops accounting and teardown
[devbox-bench] witness cells
[devbox-bench] security cells
[devbox-bench] create (cold attach)
[devbox-bench] restore probe cold-attach: wallMs=null no phases (absent: no probe row in the reply)
[devbox-bench] install harness
[devbox-bench] ops reset and ladder
[devbox-bench] restore probe complexity-restore: wallMs=null no phases (absent: no probe row in the reply)
[devbox-bench] restore probe complexity-restore: wallMs=null no phases (absent: no probe row in the reply)
[devbox-bench] stop then wake
[devbox-bench] arm failed mid-measurement: wake refused: the third wake refuses

 68 pass
 0 fail
 200 expect() calls
Ran 68 tests across 1 file. [3.70s]
