bun test v1.4.0 (34cbb9a40)

scripts/bench-devbox-decision.test.ts:
[test-preload] ignoring ambient NO_COLOR — a signed-in shell is not an input to a suite; run the eval tier (KINU_EVAL_LIVE=1) to use them
231 | ${readOnlyLayerProbeCommand('/var/tmp/devbox/lower-base')}
232 | probe_status=$?
233 | printf '\\nprobe_status=%s session=alive\\n' "$probe_status"
234 | `], { encoding: 'utf8' });
235 | 
236 |     expect(shell.status).toBe(0);
                               ^
error: expect(received).toBe(expected)

Expected: 0
Received: 1

      at <anonymous> (/home/mrwhite0racle/Kinu-wt-devbox-admission/scripts/bench-devbox-decision.test.ts:236:26)
(fail) cut observation completeness > the read-only probe reports EROFS without ending the persistent session [1.50ms]

 0 pass
 66 filtered out
 1 fail
 1 expect() calls
Ran 1 test across 1 file. [154.00ms]
