[devbox-bench] deployed https://kinu-devbox-bench-b20260913113106-snapshot-chain.ashishkmr472.workers.dev at version 23f440bc-8e15-42d0-86b3-1413a6b38882
[devbox-bench] C3 empty baseline: no restoration has run for this container yet; driving readiness through one no-op exec (drive 1)
[devbox-bench] C3 empty baseline: the readiness drive did not answer (this devbox is not ready: no restoration has run for this container yet. A startup is armed, so ask again.); the state poll keeps the verdict
[devbox-bench] C3 empty baseline: no restoration has run for this container yet; driving readiness through one no-op exec (drive 2)
[devbox-bench] C3 empty baseline: the readiness drive did not answer (this devbox is not ready: no restoration has run for this container yet. A startup is armed, so ask again.); the state poll keeps the verdict
[devbox-bench] C3 empty baseline: no restoration has run for this container yet; driving readiness through one no-op exec (drive 3)
[devbox-bench] C3 empty baseline: the readiness drive did not answer (this devbox is not ready: no restoration has run for this container yet. A startup is armed, so ask again.); the state poll keeps the verdict
[devbox-bench] C3 empty baseline: no restoration has run for this container yet; driving readiness through one no-op exec (drive 4)
[devbox-bench] C3 empty baseline: the readiness drive did not answer (this devbox is not ready: no restoration has run for this container yet. A startup is armed, so ask again.); the state poll keeps the verdict
[devbox-bench] SIGTERM received; running teardown before exit
[devbox-bench] C3 empty baseline: no restoration has run for this container yet; driving readiness through one no-op exec (drive 5)
[devbox-bench] C3 empty baseline: the readiness drive did not answer (this devbox is not ready: no restoration has run for this container yet. A startup is armed, so ask again.); the state poll keeps the verdict
[devbox-bench] C3 empty baseline: state poll retrying: GET /state?box=ab-snapshot-chain-b20260913113106 returned non-JSON (404): <!DOCTYPE html>
<!--[if lt IE 7]> <html class="no-js ie6 oldie" lang="en-US"> <![endif]-->
<!--[if IE 7]>    <html class="no-js ie7 oldie" lang="en-US"> <![endif]-->
<!--[if IE 8]>    <html class="no-js ie8 oldie" lang="en-US"> <![endif]-->
<!--[if gt IE 8]><!--> <html class="no-js" lang="en-US"> <!
[devbox-bench] C3 empty baseline: state poll retrying: GET /state?box=ab-snapshot-chain-b20260913113106 returned non-JSON (404): <!DOCTYPE html>
<!--[if lt IE 7]> <html class="no-js ie6 oldie" lang="en-US"> <![endif]-->
<!--[if IE 7]>    <html class="no-js ie7 oldie" lang="en-US"> <![endif]-->
<!--[if IE 8]>    <html class="no-js ie8 oldie" lang="en-US"> <![endif]-->
<!--[if gt IE 8]><!--> <html class="no-js" lang="en-US"> <!
[devbox-bench] C3 empty baseline: state poll retrying: GET /state?box=ab-snapshot-chain-b20260913113106 returned non-JSON (404): <!DOCTYPE html>
<!--[if lt IE 7]> <html class="no-js ie6 oldie" lang="en-US"> <![endif]-->
<!--[if IE 7]>    <html class="no-js ie7 oldie" lang="en-US"> <![endif]-->
<!--[if IE 8]>    <html class="no-js ie8 oldie" lang="en-US"> <![endif]-->
<!--[if gt IE 8]><!--> <html class="no-js" lang="en-US"> <!
[devbox-bench] C3 empty baseline: state poll retrying: GET /state?box=ab-snapshot-chain-b20260913113106 returned non-JSON (404): <!DOCTYPE html>
<!--[if lt IE 7]> <html class="no-js ie6 oldie" lang="en-US"> <![endif]-->
<!--[if IE 7]>    <html class="no-js ie7 oldie" lang="en-US"> <![endif]-->
<!--[if IE 8]>    <html class="no-js ie8 oldie" lang="en-US"> <![endif]-->
<!--[if gt IE 8]><!--> <html class="no-js" lang="en-US"> <!
