bun test v1.4.0 (34cbb9a40)

packages/devbox/tests/restore-after-start.test.ts:
[test-preload] ignoring ambient NO_COLOR — a signed-in shell is not an input to a suite; run the eval tier (KINU_EVAL_LIVE=1) to use them
{"event":"devbox.lifecycle.block.enter","step":"devbox.ts:640","id":"9e4a7c4d-7482-41fa-905d-7685a9137e22","at":1789311671309}
{"event":"devbox.lifecycle.await.enter","step":"devbox.ts:648","id":"c88232c7-b414-4106-b280-dfbf5e2245c9","at":1789311671309}
{"event":"devbox.lifecycle.await.enter","step":"devbox.ts:941","id":"7269e98a-62d9-409c-a0d6-e18bf25c1001","at":1789311671310}
{"event":"devbox.lifecycle.await.enter","step":"devbox.ts:944","id":"2d18dfce-f390-4a9c-9b41-4c2279d6e597","at":1789311671310}
{"event":"devbox.lifecycle.await.enter","step":"devbox.ts:929","id":"f3f7e2e1-a151-41b2-be00-136b4ae283d7","at":1789311671310}
{"event":"devbox.lifecycle.await.exit","step":"devbox.ts:648","id":"c88232c7-b414-4106-b280-dfbf5e2245c9","at":1789311671311,"ms":2}
{"event":"devbox.lifecycle.await.enter","step":"devbox.ts:651","id":"51c15bad-9722-4a9f-b744-ae622a9bf5e8","at":1789311671311}
{"event":"devbox.lifecycle.await.enter","step":"devbox.ts:664","id":"2050f116-0a08-47f3-9a98-312ac3065f60","at":1789311671311}
{"event":"devbox.lifecycle.await.exit","step":"devbox.ts:944","id":"2d18dfce-f390-4a9c-9b41-4c2279d6e597","at":1789311671311,"ms":1}
{"event":"devbox.lifecycle.await.enter","step":"devbox.ts:955","id":"ef3b0955-86a0-4240-9633-5aa98b9aac9c","at":1789311671311}
{"event":"devbox.lifecycle.await.enter","step":"devbox.ts:723","id":"90508a16-9600-4930-878e-25db51fe3fbd","at":1789311671311}
{"event":"devbox.lifecycle.await.enter","step":"devbox.ts:664","id":"d2a3d10e-b135-4be1-b1e0-551b75911d87","at":1789311671311}
{"event":"devbox.lifecycle.await.exit","step":"devbox.ts:664","id":"2050f116-0a08-47f3-9a98-312ac3065f60","at":1789311671311,"ms":0}
{"event":"devbox.lifecycle.await.exit","step":"devbox.ts:664","id":"d2a3d10e-b135-4be1-b1e0-551b75911d87","at":1789311671311,"ms":0}
{"event":"devbox.lifecycle.await.exit","step":"devbox.ts:651","id":"51c15bad-9722-4a9f-b744-ae622a9bf5e8","at":1789311671311,"ms":0}
{"event":"devbox.lifecycle.await.enter","step":"devbox.ts:652","id":"39c00753-79fd-4750-a2e1-39aa2cbab6c7","at":1789311671311}
{"event":"devbox.lifecycle.await.exit","step":"devbox.ts:723","id":"90508a16-9600-4930-878e-25db51fe3fbd","at":1789311671311,"ms":0}
{"event":"devbox.lifecycle.await.exit","step":"devbox.ts:652","id":"39c00753-79fd-4750-a2e1-39aa2cbab6c7","at":1789311671311,"ms":0}
{"event":"devbox.lifecycle.await.exit","step":"devbox.ts:955","id":"ef3b0955-86a0-4240-9633-5aa98b9aac9c","at":1789311671311,"ms":0}
{"event":"devbox.lifecycle.block.exit","step":"devbox.ts:640","id":"9e4a7c4d-7482-41fa-905d-7685a9137e22","at":1789311671311,"ms":2}
{"event":"devbox.lifecycle.await.enter","step":"devbox.ts:959","id":"3c97b986-3734-4ea8-9e8e-0fcf8fb04efb","at":1789311671311}
{"event":"devbox.lifecycle.block.enter","step":"devbox.ts:1631","id":"f2f4f29c-2e86-4ba3-881c-1989c28de637","at":1789311671311}
{"event":"devbox.lifecycle.await.enter","step":"devbox.ts:1633","id":"026eb13d-3cfa-4df5-a2d3-ed0e87c0df44","at":1789311671311}
{"event":"devbox.lifecycle.await.exit","step":"devbox.ts:1633","id":"026eb13d-3cfa-4df5-a2d3-ed0e87c0df44","at":1789311671311,"ms":0}
{"event":"devbox.lifecycle.await.enter","step":"devbox.ts:1636","id":"da5b3ed9-1117-46f8-bbac-421dae2e7c48","at":1789311671311}
{"event":"devbox.lifecycle.await.exit","step":"devbox.ts:1636","id":"da5b3ed9-1117-46f8-bbac-421dae2e7c48","at":1789311671312,"ms":1}
{"event":"devbox.lifecycle.block.exit","step":"devbox.ts:1631","id":"f2f4f29c-2e86-4ba3-881c-1989c28de637","at":1789311671312,"ms":1}
{"event":"devbox.lifecycle.await.enter","step":"devbox.ts:3505","id":"5d6a9052-17e1-42a9-bb26-f712117fdcf9","at":1789311671312}
{"event":"devbox.lifecycle.await.exit","step":"devbox.ts:3505","id":"5d6a9052-17e1-42a9-bb26-f712117fdcf9","at":1789311671314,"ms":2}
[devbox] attach empty: this devbox has no store configured, so nothing is durable
{"event":"devbox.lifecycle.await.enter","step":"devbox.ts:3505","id":"fad8bf40-1617-462c-8eb3-8f7c1d7af10c","at":1789311671316}
{"event":"devbox.lifecycle.await.exit","step":"devbox.ts:3505","id":"fad8bf40-1617-462c-8eb3-8f7c1d7af10c","at":1789311671316,"ms":0}
{"event":"devbox.lifecycle.await.enter","step":"devbox.ts:1215","id":"620ad140-4dc0-4925-abd2-504bc1234ed8","at":1789311671317}
{"event":"devbox.lifecycle.await.enter","step":"devbox.ts:3495","id":"b8585c80-bd80-4bed-a316-adfbe25874cb","at":1789311671317}
{"event":"devbox.lifecycle.await.exit","step":"devbox.ts:3495","id":"b8585c80-bd80-4bed-a316-adfbe25874cb","at":1789311671317,"ms":0}
{"event":"devbox.lifecycle.await.enter","step":"devbox.ts:3505","id":"2c4b1c00-dbce-4b49-be72-234995ccdd9a","at":1789311671317}
{"event":"devbox.lifecycle.await.exit","step":"devbox.ts:3505","id":"2c4b1c00-dbce-4b49-be72-234995ccdd9a","at":1789311671318,"ms":1}
{"event":"devbox.lifecycle.await.exit","step":"devbox.ts:1215","id":"620ad140-4dc0-4925-abd2-504bc1234ed8","at":1789311671318,"ms":1}
{"event":"devbox.lifecycle.block.enter","step":"devbox.ts:1712","id":"5648e631-ff9f-4078-b452-a5da9b2f9bd2","at":1789311671318}
{"event":"devbox.lifecycle.await.enter","step":"devbox.ts:1713","id":"2f39e132-4b50-4934-838f-3948d4e01ad3","at":1789311671318}
{"event":"devbox.lifecycle.await.exit","step":"devbox.ts:1713","id":"2f39e132-4b50-4934-838f-3948d4e01ad3","at":1789311671318,"ms":0}
{"event":"devbox.lifecycle.await.enter","step":"devbox.ts:1718","id":"25ba0e99-77cc-4f0b-b5fa-c8ba11405297","at":1789311671318}
{"event":"devbox.lifecycle.await.exit","step":"devbox.ts:1718","id":"25ba0e99-77cc-4f0b-b5fa-c8ba11405297","at":1789311671318,"ms":0}
{"event":"devbox.lifecycle.block.exit","step":"devbox.ts:1712","id":"5648e631-ff9f-4078-b452-a5da9b2f9bd2","at":1789311671318,"ms":0}
{"event":"devbox.lifecycle.await.exit","step":"devbox.ts:959","id":"3c97b986-3734-4ea8-9e8e-0fcf8fb04efb","at":1789311671318,"ms":7}
{"event":"devbox.lifecycle.await.exit","step":"devbox.ts:941","id":"7269e98a-62d9-409c-a0d6-e18bf25c1001","at":1789311671318,"ms":8}
{"event":"devbox.lifecycle.await.enter","step":"devbox.ts:990","id":"2111a336-9f03-42d8-8d5e-76827b0d829b","at":1789311671318}
{"event":"devbox.lifecycle.schedule","callback":"devboxCheckpoint","now":1789311671.318,"pending":false,"times":[]}
{"event":"devbox.lifecycle.schedule","callback":"devboxHeartbeat","now":1789311671.318,"pending":false,"times":[]}
{"event":"devbox.lifecycle.await.exit","step":"devbox.ts:990","id":"2111a336-9f03-42d8-8d5e-76827b0d829b","at":1789311671318,"ms":0}
{"event":"devbox.lifecycle.await.exit","step":"devbox.ts:929","id":"f3f7e2e1-a151-41b2-be00-136b4ae283d7","at":1789311671318,"ms":8}
{"event":"devbox.lifecycle.await.enter","step":"devbox.ts:2142","id":"71deddcd-4fcc-4f3b-a66a-a2ca9d5b81e1","at":1789311671319}
{"event":"devbox.lifecycle.await.enter","step":"devbox.ts:2143","id":"7da4f2a8-8a78-4737-abe5-991fead3fe19","at":1789311671319}
{"event":"devbox.lifecycle.await.enter","step":"devbox.ts:2103","id":"f76a0624-b576-469a-8a93-4acc73da0872","at":1789311671319}
{"event":"devbox.lifecycle.await.enter","step":"devbox.ts:2074","id":"3d2a36df-212d-4bcc-a830-1ba45bcce458","at":1789311671319}
{"event":"devbox.lifecycle.await.exit","step":"devbox.ts:2074","id":"3d2a36df-212d-4bcc-a830-1ba45bcce458","at":1789311671319,"ms":0}
{"event":"devbox.lifecycle.await.enter","step":"devbox.ts:2075","id":"e336667d-18b3-4154-8d2c-c27af2d93aa7","at":1789311671319}
{"event":"devbox.lifecycle.await.exit","step":"devbox.ts:2075","id":"e336667d-18b3-4154-8d2c-c27af2d93aa7","at":1789311671319,"ms":0}
{"event":"devbox.lifecycle.await.exit","step":"devbox.ts:2103","id":"f76a0624-b576-469a-8a93-4acc73da0872","at":1789311671319,"ms":0}
{"event":"devbox.lifecycle.await.exit","step":"devbox.ts:2143","id":"7da4f2a8-8a78-4737-abe5-991fead3fe19","at":1789311671319,"ms":0}
{"event":"devbox.lifecycle.await.enter","step":"devbox.ts:2145","id":"97a3a403-9ac6-4590-b6a3-5cecec830ee1","at":1789311671319}
{"event":"devbox.lifecycle.await.enter","step":"devbox.ts:1416","id":"290a03f1-5e5c-4b33-a637-6db2b73d58a3","at":1789311671320}
{"event":"devbox.lifecycle.await.enter","step":"devbox.ts:1409","id":"f10047a1-5d20-422c-bc80-93132deed858","at":1789311671320}
{"event":"devbox.lifecycle.await.exit","step":"devbox.ts:1416","id":"290a03f1-5e5c-4b33-a637-6db2b73d58a3","at":1789311671320,"ms":0}
{"event":"devbox.lifecycle.await.enter","step":"devbox.ts:1444","id":"92bb16c5-c8f1-467d-ba39-cf584715312c","at":1789311671320}
{"event":"devbox.lifecycle.admission.enter","generation":0,"running":true,"port":3000,"budgetMs":4,"at":1789311671320}
{"event":"devbox.lifecycle.await.enter","step":"devbox.ts:1454","id":"ba1ec479-2066-48c0-8d07-cf8fc533c718","at":1789311671320}
{"event":"devbox.lifecycle.await.enter","step":"devbox.ts:941","id":"c57a5494-b3b7-4c73-bf55-342a187663ac","at":1789311671320}
{"event":"devbox.lifecycle.await.enter","step":"devbox.ts:944","id":"4cb6c017-bba3-4618-9a7f-f96252006e70","at":1789311671320}
{"event":"devbox.lifecycle.await.enter","step":"devbox.ts:929","id":"7e4f82af-3191-466c-8808-b39b6f0ca577","at":1789311671320}
{"event":"devbox.lifecycle.await.exit","step":"devbox.ts:944","id":"4cb6c017-bba3-4618-9a7f-f96252006e70","at":1789311671320,"ms":0}
{"event":"devbox.lifecycle.await.enter","step":"devbox.ts:955","id":"48d3b3c8-fc46-4f01-a9cc-4592261afa5f","at":1789311671320}
{"event":"devbox.lifecycle.await.enter","step":"devbox.ts:723","id":"5cc90b04-814a-4c2f-99de-1631c84550e7","at":1789311671320}
{"event":"devbox.lifecycle.await.enter","step":"devbox.ts:664","id":"a5fc15ee-5a18-4a0e-a2ad-8930fac936b2","at":1789311671320}
{"event":"devbox.lifecycle.await.exit","step":"devbox.ts:664","id":"a5fc15ee-5a18-4a0e-a2ad-8930fac936b2","at":1789311671320,"ms":0}
{"event":"devbox.lifecycle.await.exit","step":"devbox.ts:723","id":"5cc90b04-814a-4c2f-99de-1631c84550e7","at":1789311671320,"ms":0}
{"event":"devbox.lifecycle.await.enter","step":"devbox.ts:726","id":"980bcbf8-dca7-4cd3-9c64-c67452c38404","at":1789311671320}
{"event":"devbox.lifecycle.await.enter","step":"devbox.ts:1215","id":"a3ab1aa6-5cbf-46a6-a898-3d4886c494a7","at":1789311671320}
{"event":"devbox.lifecycle.await.enter","step":"devbox.ts:3505","id":"26a544fe-e4e2-4b2c-b2bd-cca49c1a95f0","at":1789311671320}
{"event":"devbox.lifecycle.await.exit","step":"devbox.ts:3505","id":"26a544fe-e4e2-4b2c-b2bd-cca49c1a95f0","at":1789311671320,"ms":0}
{"event":"devbox.lifecycle.await.exit","step":"devbox.ts:1215","id":"a3ab1aa6-5cbf-46a6-a898-3d4886c494a7","at":1789311671320,"ms":0}
{"event":"devbox.lifecycle.await.exit","step":"devbox.ts:726","id":"980bcbf8-dca7-4cd3-9c64-c67452c38404","at":1789311671320,"ms":0}
{"event":"devbox.lifecycle.await.exit","step":"devbox.ts:955","id":"48d3b3c8-fc46-4f01-a9cc-4592261afa5f","at":1789311671320,"ms":0}
{"event":"devbox.lifecycle.await.exit","step":"devbox.ts:941","id":"c57a5494-b3b7-4c73-bf55-342a187663ac","at":1789311671320,"ms":0}
{"event":"devbox.lifecycle.await.enter","step":"devbox.ts:990","id":"64205d63-5a5b-4a1a-b803-c3945119f1c5","at":1789311671320}
{"event":"devbox.lifecycle.schedule","callback":"devboxCheckpoint","now":1789311671.32,"pending":true,"times":[1789311971.318]}
{"event":"devbox.lifecycle.schedule","callback":"devboxHeartbeat","now":1789311671.32,"pending":true,"times":[1789311731.318]}
{"event":"devbox.lifecycle.await.exit","step":"devbox.ts:990","id":"64205d63-5a5b-4a1a-b803-c3945119f1c5","at":1789311671320,"ms":0}
{"event":"devbox.lifecycle.await.exit","step":"devbox.ts:929","id":"7e4f82af-3191-466c-8808-b39b6f0ca577","at":1789311671320,"ms":0}
{"event":"devbox.lifecycle.await.exit","step":"devbox.ts:1454","id":"ba1ec479-2066-48c0-8d07-cf8fc533c718","at":1789311671320,"ms":0}
{"event":"devbox.lifecycle.admission.exit","generation":0,"ms":0,"restoration":"attached"}
{"event":"devbox.lifecycle.await.exit","step":"devbox.ts:1444","id":"92bb16c5-c8f1-467d-ba39-cf584715312c","at":1789311671320,"ms":0}
{"event":"devbox.lifecycle.await.exit","step":"devbox.ts:1409","id":"f10047a1-5d20-422c-bc80-93132deed858","at":1789311671320,"ms":0}
{"event":"devbox.lifecycle.await.exit","step":"devbox.ts:2145","id":"97a3a403-9ac6-4590-b6a3-5cecec830ee1","at":1789311671320,"ms":1}
{"event":"devbox.lifecycle.await.exit","step":"devbox.ts:2142","id":"71deddcd-4fcc-4f3b-a66a-a2ca9d5b81e1","at":1789311671320,"ms":1}
241 |     await parked.reached;
242 |     const commands = container.execs.length;
243 | 
244 |     try {
245 |       await box.devboxStartup();
246 |       expect(container.execs).toHaveLength(commands);
                                    ^
error: expect(received).toHaveLength(expected)

Expected length: 5
Received length: 6

      at <anonymous> (/home/mrwhite0racle/Kinu-wt-block-layer-impl/packages/devbox/tests/restore-after-start.test.ts:246:31)
(fail) the start hook owns restoration > a stale startup schedule does not reopen the hook around an active caller [12.28ms]

 0 pass
 25 filtered out
 1 fail
 1 expect() calls
Ran 1 test across 1 file. [51.00ms]
