bun test v1.4.0 (34cbb9a40)

packages/devbox/tests/restore-after-start.test.ts:
[test-preload] ignoring ambient NO_COLOR — a signed-in shell is not an input to a suite; run the eval tier (KINU_EVAL_LIVE=1) to use them
[devbox] attach empty: this devbox has no store configured, so nothing is durable
[devbox] the container instance was replaced (1 so far)
[devbox] attach empty: this devbox has no store configured, so nothing is durable
[devbox] attach empty: this devbox has no store configured, so nothing is durable
[devbox] the container instance was replaced (1 so far)
[devbox] attach empty: this devbox has no store configured, so nothing is durable
128 |         error => { settled = true; return { error }; },
129 |       );
130 | 
131 |       try {
132 |         await new Promise(resolve => setTimeout(resolve, 0));
133 |         expect(settled).toBe(false);
                              ^
error: expect(received).toBe(expected)

Expected: false
Received: true

      at <anonymous> (/home/mrwhite0racle/Kinu-wt-devbox-admission/packages/devbox/tests/restore-after-start.test.ts:133:25)
(fail) the start hook owns restoration > after quiesce, exec arriving before hook joins the replacement restore [2.67ms]
353 |   });
354 | 
355 |   test('T5b: a running boot without a coordinator creates and joins its port-proven start', async () => {
356 |     const { box, container } = runningBoxWithService();
357 |     container.running.running = true;
358 |     expect(await box.resolveReadiness()).toEqual({ kind: 'restored' });
                                               ^
error: expect(received).toEqual(expected)

  {
-   "kind": "restored",
+   "kind": "pending",
+   "reason": "this devbox is not ready: no restoration has run for this container yet. A startup is armed, so ask again.",
  }

- Expected  - 1
+ Received  + 2

      at <anonymous> (/home/mrwhite0racle/Kinu-wt-devbox-admission/packages/devbox/tests/restore-after-start.test.ts:358:42)
(fail) the start hook owns restoration > T5b: a running boot without a coordinator creates and joins its port-proven start [0.25ms]

 1 pass
 25 filtered out
 2 fail
 12 expect() calls
Ran 3 tests across 1 file. [46.00ms]
