sources: WARNING: bench-artifacts/block-attach/20260913-publication/counter-pin-red.log is tracked AND gitignored — ignore rules never hide a tracked file from a gate; either `git rm --cached` it or drop the ignore rule
sources: WARNING: bench-artifacts/block-attach/20260913-publication/diagnosis.json is tracked AND gitignored — ignore rules never hide a tracked file from a gate; either `git rm --cached` it or drop the ignore rule
sources: WARNING: bench-artifacts/block-attach/20260913-publication/final-pins.log is tracked AND gitignored — ignore rules never hide a tracked file from a gate; either `git rm --cached` it or drop the ignore rule
sources: WARNING: bench-artifacts/block-attach/20260913-publication/interrupted-teardown.log is tracked AND gitignored — ignore rules never hide a tracked file from a gate; either `git rm --cached` it or drop the ignore rule
sources: WARNING: bench-artifacts/block-attach/20260913-publication/local-s3fs.log is tracked AND gitignored — ignore rules never hide a tracked file from a gate; either `git rm --cached` it or drop the ignore rule
sources: WARNING: bench-artifacts/block-attach/20260913-publication/local-s3fs.sh is tracked AND gitignored — ignore rules never hide a tracked file from a gate; either `git rm --cached` it or drop the ignore rule
sources: WARNING: bench-artifacts/block-attach/20260913-publication/p20260913101729/observations.json is tracked AND gitignored — ignore rules never hide a tracked file from a gate; either `git rm --cached` it or drop the ignore rule
sources: WARNING: bench-artifacts/block-attach/20260913-publication/p20260913101729/wrangler.json is tracked AND gitignored — ignore rules never hide a tracked file from a gate; either `git rm --cached` it or drop the ignore rule
sources: WARNING: bench-artifacts/block-attach/20260913-publication/p20260913101758/driver.log is tracked AND gitignored — ignore rules never hide a tracked file from a gate; either `git rm --cached` it or drop the ignore rule
sources: WARNING: bench-artifacts/block-attach/20260913-publication/p20260913101758/observations.json is tracked AND gitignored — ignore rules never hide a tracked file from a gate; either `git rm --cached` it or drop the ignore rule
sources: WARNING: bench-artifacts/block-attach/20260913-publication/p20260913101758/wrangler.json is tracked AND gitignored — ignore rules never hide a tracked file from a gate; either `git rm --cached` it or drop the ignore rule
sources: WARNING: bench-artifacts/block-attach/20260913-publication/p20260913102157/driver.log is tracked AND gitignored — ignore rules never hide a tracked file from a gate; either `git rm --cached` it or drop the ignore rule
sources: WARNING: bench-artifacts/block-attach/20260913-publication/p20260913102157/observations.json is tracked AND gitignored — ignore rules never hide a tracked file from a gate; either `git rm --cached` it or drop the ignore rule
sources: WARNING: bench-artifacts/block-attach/20260913-publication/p20260913102157/wrangler.json is tracked AND gitignored — ignore rules never hide a tracked file from a gate; either `git rm --cached` it or drop the ignore rule
sources: WARNING: bench-artifacts/block-attach/20260913-publication/p20260913102749/driver.log is tracked AND gitignored — ignore rules never hide a tracked file from a gate; either `git rm --cached` it or drop the ignore rule
sources: WARNING: bench-artifacts/block-attach/20260913-publication/p20260913102749/observations.json is tracked AND gitignored — ignore rules never hide a tracked file from a gate; either `git rm --cached` it or drop the ignore rule
sources: WARNING: bench-artifacts/block-attach/20260913-publication/p20260913102749/wrangler.json is tracked AND gitignored — ignore rules never hide a tracked file from a gate; either `git rm --cached` it or drop the ignore rule
sources: WARNING: bench-artifacts/block-attach/20260913-publication/pin-green.log is tracked AND gitignored — ignore rules never hide a tracked file from a gate; either `git rm --cached` it or drop the ignore rule
sources: WARNING: bench-artifacts/block-attach/20260913-publication/pin-red.log is tracked AND gitignored — ignore rules never hide a tracked file from a gate; either `git rm --cached` it or drop the ignore rule
sources: WARNING: bench-artifacts/block-attach/20260913-publication/sdk-pin-green.log is tracked AND gitignored — ignore rules never hide a tracked file from a gate; either `git rm --cached` it or drop the ignore rule
sources: WARNING: bench-artifacts/block-attach/20260913-publication/sdk-pin-red.log is tracked AND gitignored — ignore rules never hide a tracked file from a gate; either `git rm --cached` it or drop the ignore rule
sources: WARNING: bench-artifacts/block-attach/20260913-publication/transport-probe-control.log is tracked AND gitignored — ignore rules never hide a tracked file from a gate; either `git rm --cached` it or drop the ignore rule
sources: WARNING: bench-artifacts/block-attach/20260913-publication/transport-probe-fixed.log is tracked AND gitignored — ignore rules never hide a tracked file from a gate; either `git rm --cached` it or drop the ignore rule
sources: WARNING: bench-artifacts/block-attach/20260913-publication/transport-probe-modes.log is tracked AND gitignored — ignore rules never hide a tracked file from a gate; either `git rm --cached` it or drop the ignore rule
sources: WARNING: bench-artifacts/block-attach/20260913-publication/transport-probe.log is tracked AND gitignored — ignore rules never hide a tracked file from a gate; either `git rm --cached` it or drop the ignore rule
sources: WARNING: bench-artifacts/block-attach/20260913-publication/tsc.log is tracked AND gitignored — ignore rules never hide a tracked file from a gate; either `git rm --cached` it or drop the ignore rule
sources: WARNING: bench-artifacts/block-attach/b20260913094839/observations.json is tracked AND gitignored — ignore rules never hide a tracked file from a gate; either `git rm --cached` it or drop the ignore rule
sources: WARNING: bench-artifacts/block-attach/b20260913094839/verdict.json is tracked AND gitignored — ignore rules never hide a tracked file from a gate; either `git rm --cached` it or drop the ignore rule
sources: WARNING: bench-artifacts/block-attach/b20260913103506/driver.log is tracked AND gitignored — ignore rules never hide a tracked file from a gate; either `git rm --cached` it or drop the ignore rule
sources: WARNING: bench-artifacts/block-attach/b20260913103506/observations.json is tracked AND gitignored — ignore rules never hide a tracked file from a gate; either `git rm --cached` it or drop the ignore rule
sources: WARNING: bench-artifacts/block-attach/b20260913103506/verdict.json is tracked AND gitignored — ignore rules never hide a tracked file from a gate; either `git rm --cached` it or drop the ignore rule
sources: WARNING: bench-artifacts/teardown/b20260913094839.json is tracked AND gitignored — ignore rules never hide a tracked file from a gate; either `git rm --cached` it or drop the ignore rule
sources: WARNING: bench-artifacts/teardown/b20260913103506.json is tracked AND gitignored — ignore rules never hide a tracked file from a gate; either `git rm --cached` it or drop the ignore rule
sources: WARNING: bench-artifacts/teardown/p20260913101729.json is tracked AND gitignored — ignore rules never hide a tracked file from a gate; either `git rm --cached` it or drop the ignore rule
sources: WARNING: bench-artifacts/teardown/p20260913101758.json is tracked AND gitignored — ignore rules never hide a tracked file from a gate; either `git rm --cached` it or drop the ignore rule
sources: WARNING: bench-artifacts/teardown/p20260913102157.json is tracked AND gitignored — ignore rules never hide a tracked file from a gate; either `git rm --cached` it or drop the ignore rule
sources: WARNING: bench-artifacts/teardown/p20260913102749.json is tracked AND gitignored — ignore rules never hide a tracked file from a gate; either `git rm --cached` it or drop the ignore rule
[devbox-bench] deployed https://kinu-devbox-bench-b20260913110816-snapshot-chain.ashishkmr472.workers.dev at version 84487374-4c33-4d00-bc54-00af42983b06
[devbox-bench] lifecycle empty baseline: no restoration has run for this container yet; driving readiness through one no-op exec (drive 1)
[devbox-bench] lifecycle empty baseline: the readiness drive did not answer (this devbox is not ready: no restoration has run for this container yet. A startup is armed, so ask again.); the state poll keeps the verdict
[devbox-bench] lifecycle empty baseline: no restoration has run for this container yet; driving readiness through one no-op exec (drive 2)
[devbox-bench] lifecycle empty baseline: the readiness drive did not answer (this devbox is not ready: no restoration has run for this container yet. A startup is armed, so ask again.); the state poll keeps the verdict
[devbox-bench] lifecycle empty baseline: no restoration has run for this container yet; driving readiness through one no-op exec (drive 3)
[devbox-bench] lifecycle empty baseline: no restoration has run for this container yet; driving readiness through one no-op exec (drive 1)
[devbox-bench] lifecycle empty baseline: the readiness drive did not answer (this devbox is not ready: no restoration has run for this container yet. A startup is armed, so ask again.); the state poll keeps the verdict
[devbox-bench] lifecycle empty baseline: no restoration has run for this container yet; driving readiness through one no-op exec (drive 2)
{"artifact":"/home/mrwhite0racle/Kinu-wt-block-layer-impl/bench-artifacts/block-attach/b20260913110816/observations.json","c3AttachMs":null,"largeAttachMs":null,"errors":["lifecycle empty baseline refused: [stale-owner → retry] The sandbox was destroyed while the operation was pending.: The sandbox was destroyed while the operation was pending."]}
