bun test v1.4.0 (34cbb9a40)

scripts/bench-devbox-decision.test.ts:
[test-preload] ignoring ambient NO_COLOR — a signed-in shell is not an input to a suite; run the eval tier (KINU_EVAL_LIVE=1) to use them
221 |   cutMarkerPresent: false, baseExists: true, deltaExists: true,
222 | };
223 | 
224 | describe('cut observation completeness', () => {
225 |   test('immutable cuts refuse changed bytes or delta identities under an unchanged record revision', () => {
226 |     expect(judgeChainCut({ ...OLD_CUT, postDeltaEtag: 'rewritten', cutMarkerPresent: true }).verdict).toBe('mixed');
                                                                                                            ^
error: expect(received).toBe(expected)

Expected: "mixed"
Received: "all-new"

      at <anonymous> (/home/mrwhite0racle/Kinu-wt-devbox-admission/scripts/bench-devbox-decision.test.ts:226:103)
(fail) cut observation completeness > immutable cuts refuse changed bytes or delta identities under an unchanged record revision [0.30ms]

 0 pass
 65 filtered out
 1 fail
 1 expect() calls
Ran 1 test across 1 file. [152.00ms]
