bun test v1.4.0 (34cbb9a40)

scripts/bench-devbox-decision.test.ts:
[test-preload] ignoring ambient NO_COLOR — a signed-in shell is not an input to a suite; run the eval tier (KINU_EVAL_LIVE=1) to use them
788 |       { retainedHead: { ok: true, exists: true, etag: 'e1', size: 1 } },
789 |       { etagAfter: '' },
790 |       { afterState: facts.beforeState },
791 |       { afterState: { state: { chain: { base: { id: 'chain-7' }, delta: { id: 'delta-2' }, rev: 2 } } } },
792 |       { checkpoint: { ok: true, outcome: { kind: 'skipped' } } },
793 |     ]) expect(check({ ...facts, ...changed })?.observed).toBe(false);
                                                               ^
error: expect(received).toBe(expected)

Expected: false
Received: true

      at <anonymous> (/home/mrwhite0racle/Kinu-wt-devbox-admission/scripts/bench-devbox-decision.test.ts:793:58)
(fail) the preregistered witness cells > immutable publication preserves the mounted key and CAS advances the record to a new key [0.43ms]

 0 pass
 64 filtered out
 1 fail
 2 expect() calls
Ran 1 test across 1 file. [195.00ms]
