bun test v1.4.0 (34cbb9a40)

scripts/bench-devbox-decision.test.ts:
[test-preload] ignoring ambient NO_COLOR — a signed-in shell is not an input to a suite; run the eval tier (KINU_EVAL_LIVE=1) to use them
720 |     };
721 | 
722 |     const check = (input: ControlWitnessFacts) => controlWitnessChecks('snapshot-chain', input)
723 |       .find((row) => row.name === 'chunked-absorption');
724 | 
725 |     expect(check(facts)?.observed).toBe(true);
                                         ^
error: expect(received).toBe(expected)

Expected: true
Received: false

      at <anonymous> (/home/mrwhite0racle/Kinu-wt-devbox-admission/scripts/bench-devbox-decision.test.ts:725:36)
(fail) the preregistered witness cells > chunked restore serves the marker from its composed lower with zero attach payload [0.77ms]

 0 pass
 64 filtered out
 1 fail
 1 expect() calls
Ran 1 test across 1 file. [174.00ms]
