bun test v1.4.0 (34cbb9a40)

scripts/bench-devbox-decision.test.ts:
[test-preload] ignoring ambient NO_COLOR — a signed-in shell is not an input to a suite; run the eval tier (KINU_EVAL_LIVE=1) to use them
369 |     await expect(readFileEvidence(directory)).rejects.toThrow();
370 |   });
371 | 
372 |   test('an unobserved marker cannot establish all-old state', () => {
373 |     expect(judgeChainCut({ ...OLD_CUT, cutMarkerPresent: null }).verdict).toBe('unjudged');
374 |     expect(judgeChainCut(OLD_CUT).verdict).toBe('all-old');
                                                 ^
error: expect(received).toBe(expected)

Expected: "all-old"
Received: "unjudged"

      at <anonymous> (/home/mrwhite0racle/Kinu-wt-devbox-admission/scripts/bench-devbox-decision.test.ts:374:44)
(fail) cut observation completeness > an unobserved marker cannot establish all-old state [0.30ms]

 0 pass
 64 filtered out
 1 fail
 2 expect() calls
Ran 1 test across 1 file. [148.00ms]
