bun test v1.4.0 (34cbb9a40)

packages/devbox/bench/publication-meter.test.ts:
[test-preload] ignoring ambient NO_COLOR — a signed-in shell is not an input to a suite; run the eval tier (KINU_EVAL_LIVE=1) to use them
TimeoutError: The operation timed out.
DOMException {
  stack: "",
  code: 23,
  name: "TimeoutError",
  message: "The operation timed out.",
  INDEX_SIZE_ERR: 1,
  DOMSTRING_SIZE_ERR: 2,
  HIERARCHY_REQUEST_ERR: 3,
  WRONG_DOCUMENT_ERR: 4,
  INVALID_CHARACTER_ERR: 5,
  NO_DATA_ALLOWED_ERR: 6,
  NO_MODIFICATION_ALLOWED_ERR: 7,
  NOT_FOUND_ERR: 8,
  NOT_SUPPORTED_ERR: 9,
  INUSE_ATTRIBUTE_ERR: 10,
  INVALID_STATE_ERR: 11,
  SYNTAX_ERR: 12,
  INVALID_MODIFICATION_ERR: 13,
  NAMESPACE_ERR: 14,
  INVALID_ACCESS_ERR: 15,
  VALIDATION_ERR: 16,
  TYPE_MISMATCH_ERR: 17,
  SECURITY_ERR: 18,
  NETWORK_ERR: 19,
  ABORT_ERR: 20,
  URL_MISMATCH_ERR: 21,
  QUOTA_EXCEEDED_ERR: 22,
  TIMEOUT_ERR: 23,
  INVALID_NODE_TYPE_ERR: 24,
  DATA_CLONE_ERR: 25,
  toString: [Function: toString],
}
(fail) the R2 transport meter preserves streaming bodies and includes a failed PUT before its retry [2021.27ms]

 0 pass
 1 fail
Ran 1 test across 1 file. [2.13s]
