bun test v1.4.0 (34cbb9a40)

packages/core/tests/unit-volatile-context.test.ts:
[test-preload] ignoring ambient NO_COLOR — a signed-in shell is not an input to a suite; run the eval tier (KINU_EVAL_LIVE=1) to use them
55 | test('mode and plan-submission changes do not rewrite the system prefix', () => {
56 |   const { rt, testSql } = createTestRuntime();
57 | 
58 |   try {
59 |     const build = buildSystemPromptSync(rt, { workMode: 'build' });
60 |     expect(buildSystemPromptSync(rt, { workMode: 'plan', planSubmissionAvailable: true })).toBe(build);
                                                                                                ^
error: expect(received).toBe(expected)

@@ -13,2 +13,7 @@
  - If a required fact is unavailable, say exactly what is missing and stop.
+ - Plan mode: investigate, then submit a concrete Markdown plan with affected files, risks, and verification through `submit_plan`.
+ - Do not change project files, system resources, releases, or deployments. Use file read/list/stat/search for inspection. Research notes, task bookkeeping, and the plan itself remain allowed. After approval starts a Build turn, use mutating operations.
+ - Run code only through a tool that explicitly supports Plan-safe analysis. Unrestricted shell/local native execution is unavailable in Plan; do not route around that refusal through another environment.
+ - Do not expose ports or produce preview or output links. The submitted plan is the only plan-mode output surface.
+ - Until the plan is approved, do not begin implementation. When the missing answer must come from the user, ask a question. Otherwise end by calling `submit_plan`.
  

- Expected  - 0
+ Received  + 5

      at <anonymous> (/home/mrwhite0racle/Kinu-wt-cache-ema/packages/core/tests/unit-volatile-context.test.ts:60:92)
(fail) mode and plan-submission changes do not rewrite the system prefix [2.80ms]

 0 pass
 69 filtered out
 1 fail
 1 expect() calls
Ran 1 test across 1 file. [191.00ms]
